../Core/Src/main.c:71:5:main	16	static
../Core/Src/main.c:117:6:run_tests	24	static
../Core/Src/main.c:194:6:configure_output	16	static
../Core/Src/main.c:211:5:configure_input	16	static
../Core/Src/main.c:222:6:configure_input_pullup	16	static
../Core/Src/main.c:233:6:configure_input_pulldown	16	static
../Core/Src/main.c:245:5:configure_analog_input	16	static
../Core/Src/main.c:257:6:HAL_GPIO_EXTI_Callback	16	static
../Core/Src/main.c:265:6:configure_sleep_mode	16	static
../Core/Src/main.c:309:6:wakeUp	40	static,ignoring_inline_asm
../Core/Src/main.c:326:6:EXTI15_10_IRQHandler	8	static
../Core/Src/main.c:346:5:analogRead	24	static
../Core/Src/main.c:382:6:pinMode	16	static
../Core/Src/main.c:409:5:digitalRead	24	static
../Core/Src/main.c:425:6:digitalWrite	16	static
../Core/Src/main.c:439:6:reset_pins	16	static
../Core/Src/main.c:450:5:command_read	16	static
../Core/Src/main.c:455:5:command_write	32	static
../Core/Src/main.c:463:5:crc_encode	40	static
../Core/Src/main.c:480:5:crc_decode	24	static
../Core/Src/main.c:499:6:SystemClock_Config	88	static
../Core/Src/main.c:547:6:MX_USART2_UART_Init	8	static
../Core/Src/main.c:580:6:MX_GPIO_Init	48	static
../Core/Src/main.c:638:6:Error_Handler	4	static,ignoring_inline_asm
