../Core/Src/main.c:95:5:main	16	static
../Core/Src/main.c:144:6:run_tests	24	static
../Core/Src/main.c:216:6:configure_output	16	static
../Core/Src/main.c:233:5:configure_input	16	static
../Core/Src/main.c:244:6:configure_input_pullup	16	static
../Core/Src/main.c:255:6:configure_input_pulldown	16	static
../Core/Src/main.c:267:5:configure_analog_input	16	static
../Core/Src/main.c:279:6:HAL_GPIO_EXTI_Callback	16	static
../Core/Src/main.c:287:6:configure_sleep_mode	16	static
../Core/Src/main.c:331:6:wakeUp	40	static,ignoring_inline_asm
../Core/Src/main.c:350:6:EXTI15_10_IRQHandler	8	static
../Core/Src/main.c:371:5:analogRead	24	static
../Core/Src/main.c:407:6:pinMode	16	static
../Core/Src/main.c:434:5:digitalRead	24	static
../Core/Src/main.c:450:6:digitalWrite	16	static
../Core/Src/main.c:464:6:reset_pins	16	static
../Core/Src/main.c:475:5:command_read	16	static
../Core/Src/main.c:480:5:command_write	32	static
../Core/Src/main.c:488:5:crc_encode	40	static
../Core/Src/main.c:506:5:crc_decode	24	static
../Core/Src/main.c:526:6:SystemClock_Config	88	static
../Core/Src/main.c:573:13:MX_ADC1_Init	24	static
../Core/Src/main.c:625:13:MX_USART2_UART_Init	8	static
../Core/Src/main.c:658:13:MX_GPIO_Init	48	static
../Core/Src/main.c:704:6:Error_Handler	4	static,ignoring_inline_asm
