Archive member included to satisfy reference by file (symbol)

/opt/st/stm32cubeide_1.9.0/plugins/com.st.stm32cube.ide.mcu.externaltools.gnu-tools-for-stm32.10.3-2021.10.linux64_1.0.0.202111181127/tools/bin/../lib/gcc/arm-none-eabi/10.3.1/../../../../arm-none-eabi/lib/thumb/v7e-m+fp/hard/libc_nano.a(lib_a-errno.o)
                              ./Core/Src/syscalls.o (__errno)
/opt/st/stm32cubeide_1.9.0/plugins/com.st.stm32cube.ide.mcu.externaltools.gnu-tools-for-stm32.10.3-2021.10.linux64_1.0.0.202111181127/tools/bin/../lib/gcc/arm-none-eabi/10.3.1/../../../../arm-none-eabi/lib/thumb/v7e-m+fp/hard/libc_nano.a(lib_a-exit.o)
                              /opt/st/stm32cubeide_1.9.0/plugins/com.st.stm32cube.ide.mcu.externaltools.gnu-tools-for-stm32.10.3-2021.10.linux64_1.0.0.202111181127/tools/bin/../lib/gcc/arm-none-eabi/10.3.1/../../../../arm-none-eabi/lib/thumb/v7e-m+fp/hard/crt0.o (exit)
/opt/st/stm32cubeide_1.9.0/plugins/com.st.stm32cube.ide.mcu.externaltools.gnu-tools-for-stm32.10.3-2021.10.linux64_1.0.0.202111181127/tools/bin/../lib/gcc/arm-none-eabi/10.3.1/../../../../arm-none-eabi/lib/thumb/v7e-m+fp/hard/libc_nano.a(lib_a-impure.o)
                              /opt/st/stm32cubeide_1.9.0/plugins/com.st.stm32cube.ide.mcu.externaltools.gnu-tools-for-stm32.10.3-2021.10.linux64_1.0.0.202111181127/tools/bin/../lib/gcc/arm-none-eabi/10.3.1/../../../../arm-none-eabi/lib/thumb/v7e-m+fp/hard/libc_nano.a(lib_a-exit.o) (_global_impure_ptr)
/opt/st/stm32cubeide_1.9.0/plugins/com.st.stm32cube.ide.mcu.externaltools.gnu-tools-for-stm32.10.3-2021.10.linux64_1.0.0.202111181127/tools/bin/../lib/gcc/arm-none-eabi/10.3.1/../../../../arm-none-eabi/lib/thumb/v7e-m+fp/hard/libc_nano.a(lib_a-init.o)
                              /opt/st/stm32cubeide_1.9.0/plugins/com.st.stm32cube.ide.mcu.externaltools.gnu-tools-for-stm32.10.3-2021.10.linux64_1.0.0.202111181127/tools/bin/../lib/gcc/arm-none-eabi/10.3.1/../../../../arm-none-eabi/lib/thumb/v7e-m+fp/hard/crt0.o (__libc_init_array)
/opt/st/stm32cubeide_1.9.0/plugins/com.st.stm32cube.ide.mcu.externaltools.gnu-tools-for-stm32.10.3-2021.10.linux64_1.0.0.202111181127/tools/bin/../lib/gcc/arm-none-eabi/10.3.1/../../../../arm-none-eabi/lib/thumb/v7e-m+fp/hard/libc_nano.a(lib_a-memset.o)
                              /opt/st/stm32cubeide_1.9.0/plugins/com.st.stm32cube.ide.mcu.externaltools.gnu-tools-for-stm32.10.3-2021.10.linux64_1.0.0.202111181127/tools/bin/../lib/gcc/arm-none-eabi/10.3.1/../../../../arm-none-eabi/lib/thumb/v7e-m+fp/hard/crt0.o (memset)
/opt/st/stm32cubeide_1.9.0/plugins/com.st.stm32cube.ide.mcu.externaltools.gnu-tools-for-stm32.10.3-2021.10.linux64_1.0.0.202111181127/tools/bin/../lib/gcc/arm-none-eabi/10.3.1/thumb/v7e-m+fp/hard/libgcc.a(_aeabi_uldivmod.o)
                              ./Drivers/STM32F4xx_HAL_Driver/Src/stm32f4xx_hal_rcc.o (__aeabi_uldivmod)
/opt/st/stm32cubeide_1.9.0/plugins/com.st.stm32cube.ide.mcu.externaltools.gnu-tools-for-stm32.10.3-2021.10.linux64_1.0.0.202111181127/tools/bin/../lib/gcc/arm-none-eabi/10.3.1/thumb/v7e-m+fp/hard/libgcc.a(_udivmoddi4.o)
                              /opt/st/stm32cubeide_1.9.0/plugins/com.st.stm32cube.ide.mcu.externaltools.gnu-tools-for-stm32.10.3-2021.10.linux64_1.0.0.202111181127/tools/bin/../lib/gcc/arm-none-eabi/10.3.1/thumb/v7e-m+fp/hard/libgcc.a(_aeabi_uldivmod.o) (__udivmoddi4)
/opt/st/stm32cubeide_1.9.0/plugins/com.st.stm32cube.ide.mcu.externaltools.gnu-tools-for-stm32.10.3-2021.10.linux64_1.0.0.202111181127/tools/bin/../lib/gcc/arm-none-eabi/10.3.1/thumb/v7e-m+fp/hard/libgcc.a(_dvmd_tls.o)
                              /opt/st/stm32cubeide_1.9.0/plugins/com.st.stm32cube.ide.mcu.externaltools.gnu-tools-for-stm32.10.3-2021.10.linux64_1.0.0.202111181127/tools/bin/../lib/gcc/arm-none-eabi/10.3.1/thumb/v7e-m+fp/hard/libgcc.a(_aeabi_uldivmod.o) (__aeabi_ldiv0)

Discarded input sections

 .text          0x0000000000000000        0x0 /opt/st/stm32cubeide_1.9.0/plugins/com.st.stm32cube.ide.mcu.externaltools.gnu-tools-for-stm32.10.3-2021.10.linux64_1.0.0.202111181127/tools/bin/../lib/gcc/arm-none-eabi/10.3.1/thumb/v7e-m+fp/hard/crti.o
 .data          0x0000000000000000        0x0 /opt/st/stm32cubeide_1.9.0/plugins/com.st.stm32cube.ide.mcu.externaltools.gnu-tools-for-stm32.10.3-2021.10.linux64_1.0.0.202111181127/tools/bin/../lib/gcc/arm-none-eabi/10.3.1/thumb/v7e-m+fp/hard/crti.o
 .bss           0x0000000000000000        0x0 /opt/st/stm32cubeide_1.9.0/plugins/com.st.stm32cube.ide.mcu.externaltools.gnu-tools-for-stm32.10.3-2021.10.linux64_1.0.0.202111181127/tools/bin/../lib/gcc/arm-none-eabi/10.3.1/thumb/v7e-m+fp/hard/crti.o
 .data          0x0000000000000000        0x4 /opt/st/stm32cubeide_1.9.0/plugins/com.st.stm32cube.ide.mcu.externaltools.gnu-tools-for-stm32.10.3-2021.10.linux64_1.0.0.202111181127/tools/bin/../lib/gcc/arm-none-eabi/10.3.1/thumb/v7e-m+fp/hard/crtbegin.o
[...]
Memory Configuration

Name             Origin             Length             Attributes
RAM              0x0000000020000000 0x0000000000020000 xrw
FLASH            0x0000000008000000 0x0000000000080000 xr
*default*        0x0000000000000000 0xffffffffffffffff

Linker script and memory map

LOAD /opt/st/stm32cubeide_1.9.0/plugins/com.st.stm32cube.ide.mcu.externaltools.gnu-tools-for-stm32.10.3-2021.10.linux64_1.0.0.202111181127/tools/bin/../lib/gcc/arm-none-eabi/10.3.1/thumb/v7e-m+fp/hard/crti.o
LOAD /opt/st/stm32cubeide_1.9.0/plugins/com.st.stm32cube.ide.mcu.externaltools.gnu-tools-for-stm32.10.3-2021.10.linux64_1.0.0.202111181127/tools/bin/../lib/gcc/arm-none-eabi/10.3.1/thumb/v7e-m+fp/hard/crtbegin.o
LOAD /opt/st/stm32cubeide_1.9.0/plugins/com.st.stm32cube.ide.mcu.externaltools.gnu-tools-for-stm32.10.3-2021.10.linux64_1.0.0.202111181127/tools/bin/../lib/gcc/arm-none-eabi/10.3.1/../../../../arm-none-eabi/lib/thumb/v7e-m+fp/hard/crt0.o
LOAD ./Core/Src/main.o
LOAD ./Core/Src/setup.o
LOAD ./Core/Src/stm32f4xx_hal_msp.o
LOAD ./Core/Src/stm32f4xx_it.o
LOAD ./Core/Src/syscalls.o
LOAD ./Core/Src/sysmem.o
LOAD ./Core/Src/system_stm32f4xx.o
LOAD ./Core/Startup/startup_stm32f446retx.o
LOAD ./Drivers/STM32F4xx_HAL_Driver/Src/stm32f4xx_hal.o
LOAD ./Drivers/STM32F4xx_HAL_Driver/Src/stm32f4xx_hal_cortex.o
LOAD ./Drivers/STM32F4xx_HAL_Driver/Src/stm32f4xx_hal_dma.o
LOAD ./Drivers/STM32F4xx_HAL_Driver/Src/stm32f4xx_hal_dma_ex.o
LOAD ./Drivers/STM32F4xx_HAL_Driver/Src/stm32f4xx_hal_exti.o
LOAD ./Drivers/STM32F4xx_HAL_Driver/Src/stm32f4xx_hal_flash.o
LOAD ./Drivers/STM32F4xx_HAL_Driver/Src/stm32f4xx_hal_flash_ex.o
LOAD ./Drivers/STM32F4xx_HAL_Driver/Src/stm32f4xx_hal_flash_ramfunc.o
LOAD ./Drivers/STM32F4xx_HAL_Driver/Src/stm32f4xx_hal_gpio.o
LOAD ./Drivers/STM32F4xx_HAL_Driver/Src/stm32f4xx_hal_pwr.o
LOAD ./Drivers/STM32F4xx_HAL_Driver/Src/stm32f4xx_hal_pwr_ex.o
LOAD ./Drivers/STM32F4xx_HAL_Driver/Src/stm32f4xx_hal_rcc.o
LOAD ./Drivers/STM32F4xx_HAL_Driver/Src/stm32f4xx_hal_rcc_ex.o
LOAD ./Drivers/STM32F4xx_HAL_Driver/Src/stm32f4xx_hal_tim.o
LOAD ./Drivers/STM32F4xx_HAL_Driver/Src/stm32f4xx_hal_tim_ex.o
LOAD ./Drivers/STM32F4xx_HAL_Driver/Src/stm32f4xx_hal_uart.o
START GROUP
LOAD /opt/st/stm32cubeide_1.9.0/plugins/com.st.stm32cube.ide.mcu.externaltools.gnu-tools-for-stm32.10.3-2021.10.linux64_1.0.0.202111181127/tools/bin/../lib/gcc/arm-none-eabi/10.3.1/../../../../arm-none-eabi/lib/thumb/v7e-m+fp/hard/libc_nano.a
LOAD /opt/st/stm32cubeide_1.9.0/plugins/com.st.stm32cube.ide.mcu.externaltools.gnu-tools-for-stm32.10.3-2021.10.linux64_1.0.0.202111181127/tools/bin/../lib/gcc/arm-none-eabi/10.3.1/../../../../arm-none-eabi/lib/thumb/v7e-m+fp/hard/libm.a
END GROUP
START GROUP
LOAD /opt/st/stm32cubeide_1.9.0/plugins/com.st.stm32cube.ide.mcu.externaltools.gnu-tools-for-stm32.10.3-2021.10.linux64_1.0.0.202111181127/tools/bin/../lib/gcc/arm-none-eabi/10.3.1/thumb/v7e-m+fp/hard/libgcc.a
LOAD /opt/st/stm32cubeide_1.9.0/plugins/com.st.stm32cube.ide.mcu.externaltools.gnu-tools-for-stm32.10.3-2021.10.linux64_1.0.0.202111181127/tools/bin/../lib/gcc/arm-none-eabi/10.3.1/../../../../arm-none-eabi/lib/thumb/v7e-m+fp/hard/libc_nano.a
END GROUP
START GROUP
LOAD /opt/st/stm32cubeide_1.9.0/plugins/com.st.stm32cube.ide.mcu.externaltools.gnu-tools-for-stm32.10.3-2021.10.linux64_1.0.0.202111181127/tools/bin/../lib/gcc/arm-none-eabi/10.3.1/thumb/v7e-m+fp/hard/libgcc.a
LOAD /opt/st/stm32cubeide_1.9.0/plugins/com.st.stm32cube.ide.mcu.externaltools.gnu-tools-for-stm32.10.3-2021.10.linux64_1.0.0.202111181127/tools/bin/../lib/gcc/arm-none-eabi/10.3.1/../../../../arm-none-eabi/lib/thumb/v7e-m+fp/hard/libc_nano.a
LOAD /opt/st/stm32cubeide_1.9.0/plugins/com.st.stm32cube.ide.mcu.externaltools.gnu-tools-for-stm32.10.3-2021.10.linux64_1.0.0.202111181127/tools/bin/../lib/gcc/arm-none-eabi/10.3.1/../../../../arm-none-eabi/lib/thumb/v7e-m+fp/hard/libnosys.a
END GROUP
START GROUP
LOAD /opt/st/stm32cubeide_1.9.0/plugins/com.st.stm32cube.ide.mcu.externaltools.gnu-tools-for-stm32.10.3-2021.10.linux64_1.0.0.202111181127/tools/bin/../lib/gcc/arm-none-eabi/10.3.1/thumb/v7e-m+fp/hard/libgcc.a
LOAD /opt/st/stm32cubeide_1.9.0/plugins/com.st.stm32cube.ide.mcu.externaltools.gnu-tools-for-stm32.10.3-2021.10.linux64_1.0.0.202111181127/tools/bin/../lib/gcc/arm-none-eabi/10.3.1/../../../../arm-none-eabi/lib/thumb/v7e-m+fp/hard/libc_nano.a
LOAD /opt/st/stm32cubeide_1.9.0/plugins/com.st.stm32cube.ide.mcu.externaltools.gnu-tools-for-stm32.10.3-2021.10.linux64_1.0.0.202111181127/tools/bin/../lib/gcc/arm-none-eabi/10.3.1/../../../../arm-none-eabi/lib/thumb/v7e-m+fp/hard/libnosys.a
END GROUP
LOAD /opt/st/stm32cubeide_1.9.0/plugins/com.st.stm32cube.ide.mcu.externaltools.gnu-tools-for-stm32.10.3-2021.10.linux64_1.0.0.202111181127/tools/bin/../lib/gcc/arm-none-eabi/10.3.1/thumb/v7e-m+fp/hard/crtend.o
LOAD /opt/st/stm32cubeide_1.9.0/plugins/com.st.stm32cube.ide.mcu.externaltools.gnu-tools-for-stm32.10.3-2021.10.linux64_1.0.0.202111181127/tools/bin/../lib/gcc/arm-none-eabi/10.3.1/thumb/v7e-m+fp/hard/crtn.o
                0x0000000020020000                _estack = (ORIGIN (RAM) + LENGTH (RAM))
                0x0000000000000200                _Min_Heap_Size = 0x200
                0x0000000000000400                _Min_Stack_Size = 0x400

.isr_vector     0x0000000008000000      0x1c4
                0x0000000008000000                . = ALIGN (0x4)
 *(.isr_vector)
 .isr_vector    0x0000000008000000      0x1c4 ./Core/Startup/startup_stm32f446retx.o
                0x0000000008000000                g_pfnVectors
                0x00000000080001c4                . = ALIGN (0x4)

.text           0x00000000080001c4     0x3a14
                0x00000000080001c4                . = ALIGN (0x4)
 *(.text)
 .text          0x00000000080001c4       0x40 /opt/st/stm32cubeide_1.9.0/plugins/com.st.stm32cube.ide.mcu.externaltools.gnu-tools-for-stm32.10.3-2021.10.linux64_1.0.0.202111181127/tools/bin/../lib/gcc/arm-none-eabi/10.3.1/thumb/v7e-m+fp/hard/crtbegin.o
 .text          0x0000000008000204       0x30 /opt/st/stm32cubeide_1.9.0/plugins/com.st.stm32cube.ide.mcu.externaltools.gnu-tools-for-stm32.10.3-2021.10.linux64_1.0.0.202111181127/tools/bin/../lib/gcc/arm-none-eabi/10.3.1/thumb/v7e-m+fp/hard/libgcc.a(_aeabi_uldivmod.o)
                0x0000000008000204                __aeabi_uldivmod
 .text          0x0000000008000234      0x2d0 /opt/st/stm32cubeide_1.9.0/plugins/com.st.stm32cube.ide.mcu.externaltools.gnu-tools-for-stm32.10.3-2021.10.linux64_1.0.0.202111181127/tools/bin/../lib/gcc/arm-none-eabi/10.3.1/thumb/v7e-m+fp/hard/libgcc.a(_udivmoddi4.o)
                0x0000000008000234                __udivmoddi4
 .text          0x0000000008000504        0x4 /opt/st/stm32cubeide_1.9.0/plugins/com.st.stm32cube.ide.mcu.externaltools.gnu-tools-for-stm32.10.3-2021.10.linux64_1.0.0.202111181127/tools/bin/../lib/gcc/arm-none-eabi/10.3.1/thumb/v7e-m+fp/hard/libgcc.a(_dvmd_tls.o)
                0x0000000008000504                __aeabi_ldiv0
                0x0000000008000504                __aeabi_idiv0
 *(.text*)
 .text.main     0x0000000008000508       0x8c ./Core/Src/main.o
                0x0000000008000508                main
 .text.run_tests
                0x0000000008000594      0x1b6 ./Core/Src/main.o
                0x0000000008000594                run_tests
 .text.configure_output
                0x000000000800074a       0x38 ./Core/Src/main.o
                0x000000000800074a                configure_output
 .text.configure_input
                0x0000000008000782       0x24 ./Core/Src/main.o
                0x0000000008000782                configure_input
 .text.configure_input_pullup
                0x00000000080007a6       0x1a ./Core/Src/main.o
                0x00000000080007a6                configure_input_pullup
 .text.configure_input_pulldown
                0x00000000080007c0       0x1a ./Core/Src/main.o
                0x00000000080007c0                configure_input_pulldown
 .text.configure_analog_input
                0x00000000080007da       0x26 ./Core/Src/main.o
                0x00000000080007da                configure_analog_input
 .text.HAL_GPIO_EXTI_Callback
                0x0000000008000800       0x1e ./Core/Src/main.o
                0x0000000008000800                HAL_GPIO_EXTI_Callback
 *fill*         0x000000000800081e        0x2 
 .text.configure_sleep_mode
                0x0000000008000820       0xa0 ./Core/Src/main.o
                0x0000000008000820                configure_sleep_mode
 .text.wakeUp   0x00000000080008c0       0x58 ./Core/Src/main.o
                0x00000000080008c0                wakeUp
 .text.EXTI15_10_IRQHandler
                0x0000000008000918       0x48 ./Core/Src/main.o
                0x0000000008000918                EXTI15_10_IRQHandler
 .text.analogRead
                0x0000000008000960      0x150 ./Core/Src/main.o
                0x0000000008000960                analogRead
 .text.pinMode  0x0000000008000ab0      0x378 ./Core/Src/main.o
                0x0000000008000ab0                pinMode
 .text.digitalRead
                0x0000000008000e28       0x54 ./Core/Src/main.o
                0x0000000008000e28                digitalRead
 .text.digitalWrite
                0x0000000008000e7c       0xac ./Core/Src/main.o
                0x0000000008000e7c                digitalWrite
 .text.reset_pins
                0x0000000008000f28       0x2c ./Core/Src/main.o
                0x0000000008000f28                reset_pins
 .text.command_read
                0x0000000008000f54       0x24 ./Core/Src/main.o
                0x0000000008000f54                command_read
 .text.command_write
                0x0000000008000f78       0x38 ./Core/Src/main.o
                0x0000000008000f78                command_write
 .text.crc_encode
                0x0000000008000fb0       0x80 ./Core/Src/main.o
                0x0000000008000fb0                crc_encode
 .text.crc_decode
                0x0000000008001030       0x64 ./Core/Src/main.o
                0x0000000008001030                crc_decode
 .text.SystemClock_Config
                0x0000000008001094       0xdc ./Core/Src/main.o
                0x0000000008001094                SystemClock_Config
 .text.MX_USART2_UART_Init
                0x0000000008001170       0x54 ./Core/Src/main.o
                0x0000000008001170                MX_USART2_UART_Init
 .text.MX_GPIO_Init
                0x00000000080011c4      0x13c ./Core/Src/main.o
                0x00000000080011c4                MX_GPIO_Init
 .text.Error_Handler
                0x0000000008001300        0xa ./Core/Src/main.o
                0x0000000008001300                Error_Handler
 .text.delay    0x000000000800130a       0x3a ./Core/Src/setup.o
                0x000000000800130a                delay
 .text.pin_set  0x0000000008001344       0x40 ./Core/Src/setup.o
                0x0000000008001344                pin_set
 .text.init_pins
                0x0000000008001384      0x998 ./Core/Src/setup.o
                0x0000000008001384                init_pins
 .text.HAL_MspInit
                0x0000000008001d1c       0x50 ./Core/Src/stm32f4xx_hal_msp.o
                0x0000000008001d1c                HAL_MspInit
 .text.HAL_UART_MspInit
                0x0000000008001d6c       0x90 ./Core/Src/stm32f4xx_hal_msp.o
                0x0000000008001d6c                HAL_UART_MspInit
 .text.NMI_Handler
                0x0000000008001dfc        0x6 ./Core/Src/stm32f4xx_it.o
                0x0000000008001dfc                NMI_Handler
 .text.HardFault_Handler
                0x0000000008001e02        0x6 ./Core/Src/stm32f4xx_it.o
                0x0000000008001e02                HardFault_Handler
 .text.MemManage_Handler
                0x0000000008001e08        0x6 ./Core/Src/stm32f4xx_it.o
                0x0000000008001e08                MemManage_Handler
 .text.BusFault_Handler
                0x0000000008001e0e        0x6 ./Core/Src/stm32f4xx_it.o
                0x0000000008001e0e                BusFault_Handler
 .text.UsageFault_Handler
                0x0000000008001e14        0x6 ./Core/Src/stm32f4xx_it.o
                0x0000000008001e14                UsageFault_Handler
 .text.SVC_Handler
                0x0000000008001e1a        0xe ./Core/Src/stm32f4xx_it.o
                0x0000000008001e1a                SVC_Handler
 .text.DebugMon_Handler
                0x0000000008001e28        0xe ./Core/Src/stm32f4xx_it.o
                0x0000000008001e28                DebugMon_Handler
 .text.PendSV_Handler
                0x0000000008001e36        0xe ./Core/Src/stm32f4xx_it.o
                0x0000000008001e36                PendSV_Handler
 .text.SysTick_Handler
                0x0000000008001e44        0xc ./Core/Src/stm32f4xx_it.o
                0x0000000008001e44                SysTick_Handler
 .text.EXTI0_IRQHandler
                0x0000000008001e50        0xe ./Core/Src/stm32f4xx_it.o
                0x0000000008001e50                EXTI0_IRQHandler
 *fill*         0x0000000008001e5e        0x2 
 .text.SystemInit
                0x0000000008001e60       0x24 ./Core/Src/system_stm32f4xx.o
                0x0000000008001e60                SystemInit
 .text.Reset_Handler
                0x0000000008001e84       0x50 ./Core/Startup/startup_stm32f446retx.o
                0x0000000008001e84                Reset_Handler
 .text.Default_Handler
                0x0000000008001ed4        0x2 ./Core/Startup/startup_stm32f446retx.o
                0x0000000008001ed4                RTC_Alarm_IRQHandler
                0x0000000008001ed4                EXTI2_IRQHandler
                0x0000000008001ed4                TIM8_CC_IRQHandler
                0x0000000008001ed4                FMPI2C1_EV_IRQHandler
                0x0000000008001ed4                SPI4_IRQHandler
                0x0000000008001ed4                TIM1_CC_IRQHandler
                0x0000000008001ed4                DMA2_Stream5_IRQHandler
                0x0000000008001ed4                DMA1_Stream5_IRQHandler
                0x0000000008001ed4                PVD_IRQHandler
                0x0000000008001ed4                SDIO_IRQHandler
                0x0000000008001ed4                TAMP_STAMP_IRQHandler
                0x0000000008001ed4                CAN2_RX1_IRQHandler
                0x0000000008001ed4                EXTI3_IRQHandler
                0x0000000008001ed4                TIM8_TRG_COM_TIM14_IRQHandler
                0x0000000008001ed4                TIM1_UP_TIM10_IRQHandler
                0x0000000008001ed4                TIM8_UP_TIM13_IRQHandler
                0x0000000008001ed4                I2C3_ER_IRQHandler
                0x0000000008001ed4                I2C2_EV_IRQHandler
                0x0000000008001ed4                DMA1_Stream2_IRQHandler
                0x0000000008001ed4                CAN1_RX0_IRQHandler
                0x0000000008001ed4                FPU_IRQHandler
                0x0000000008001ed4                OTG_HS_WKUP_IRQHandler
                0x0000000008001ed4                CAN2_SCE_IRQHandler
                0x0000000008001ed4                DMA2_Stream2_IRQHandler
                0x0000000008001ed4                SPI1_IRQHandler
                0x0000000008001ed4                TIM6_DAC_IRQHandler
                0x0000000008001ed4                TIM1_BRK_TIM9_IRQHandler
                0x0000000008001ed4                DCMI_IRQHandler
                0x0000000008001ed4                CAN2_RX0_IRQHandler
                0x0000000008001ed4                DMA2_Stream3_IRQHandler
                0x0000000008001ed4                SAI2_IRQHandler
                0x0000000008001ed4                USART6_IRQHandler
                0x0000000008001ed4                USART3_IRQHandler
                0x0000000008001ed4                CAN1_RX1_IRQHandler
                0x0000000008001ed4                UART5_IRQHandler
                0x0000000008001ed4                DMA2_Stream0_IRQHandler
                0x0000000008001ed4                TIM4_IRQHandler
                0x0000000008001ed4                QUADSPI_IRQHandler
                0x0000000008001ed4                I2C1_EV_IRQHandler
                0x0000000008001ed4                DMA1_Stream6_IRQHandler
                0x0000000008001ed4                DMA1_Stream1_IRQHandler
                0x0000000008001ed4                UART4_IRQHandler
                0x0000000008001ed4                TIM3_IRQHandler
                0x0000000008001ed4                RCC_IRQHandler
                0x0000000008001ed4                TIM8_BRK_TIM12_IRQHandler
                0x0000000008001ed4                Default_Handler
                0x0000000008001ed4                CEC_IRQHandler
                0x0000000008001ed4                ADC_IRQHandler
                0x0000000008001ed4                DMA1_Stream7_IRQHandler
                0x0000000008001ed4                TIM7_IRQHandler
                0x0000000008001ed4                CAN2_TX_IRQHandler
                0x0000000008001ed4                TIM5_IRQHandler
                0x0000000008001ed4                DMA2_Stream7_IRQHandler
                0x0000000008001ed4                I2C3_EV_IRQHandler
                0x0000000008001ed4                EXTI9_5_IRQHandler
                0x0000000008001ed4                RTC_WKUP_IRQHandler
                0x0000000008001ed4                SPDIF_RX_IRQHandler
                0x0000000008001ed4                SPI2_IRQHandler
                0x0000000008001ed4                OTG_HS_EP1_IN_IRQHandler
                0x0000000008001ed4                DMA1_Stream0_IRQHandler
                0x0000000008001ed4                CAN1_TX_IRQHandler
                0x0000000008001ed4                FMPI2C1_ER_IRQHandler
                0x0000000008001ed4                EXTI4_IRQHandler
                0x0000000008001ed4                OTG_HS_EP1_OUT_IRQHandler
                0x0000000008001ed4                WWDG_IRQHandler
                0x0000000008001ed4                TIM2_IRQHandler
                0x0000000008001ed4                OTG_FS_WKUP_IRQHandler
                0x0000000008001ed4                TIM1_TRG_COM_TIM11_IRQHandler
                0x0000000008001ed4                OTG_HS_IRQHandler
                0x0000000008001ed4                EXTI1_IRQHandler
                0x0000000008001ed4                USART2_IRQHandler
                0x0000000008001ed4                I2C2_ER_IRQHandler
                0x0000000008001ed4                DMA2_Stream1_IRQHandler
                0x0000000008001ed4                CAN1_SCE_IRQHandler
                0x0000000008001ed4                FLASH_IRQHandler
                0x0000000008001ed4                DMA2_Stream4_IRQHandler
                0x0000000008001ed4                USART1_IRQHandler
                0x0000000008001ed4                OTG_FS_IRQHandler
                0x0000000008001ed4                SPI3_IRQHandler
                0x0000000008001ed4                DMA1_Stream4_IRQHandler
                0x0000000008001ed4                I2C1_ER_IRQHandler
                0x0000000008001ed4                FMC_IRQHandler
                0x0000000008001ed4                DMA2_Stream6_IRQHandler
                0x0000000008001ed4                SAI1_IRQHandler
                0x0000000008001ed4                DMA1_Stream3_IRQHandler
 *fill*         0x0000000008001ed6        0x2 
 .text.HAL_Init
                0x0000000008001ed8       0x44 ./Drivers/STM32F4xx_HAL_Driver/Src/stm32f4xx_hal.o
                0x0000000008001ed8                HAL_Init
 .text.HAL_InitTick
                0x0000000008001f1c       0x60 ./Drivers/STM32F4xx_HAL_Driver/Src/stm32f4xx_hal.o
                0x0000000008001f1c                HAL_InitTick
 .text.HAL_IncTick
                0x0000000008001f7c       0x28 ./Drivers/STM32F4xx_HAL_Driver/Src/stm32f4xx_hal.o
                0x0000000008001f7c                HAL_IncTick
 .text.HAL_GetTick
                0x0000000008001fa4       0x18 ./Drivers/STM32F4xx_HAL_Driver/Src/stm32f4xx_hal.o
                0x0000000008001fa4                HAL_GetTick
 .text.HAL_SuspendTick
                0x0000000008001fbc       0x20 ./Drivers/STM32F4xx_HAL_Driver/Src/stm32f4xx_hal.o
                0x0000000008001fbc                HAL_SuspendTick
 .text.HAL_ResumeTick
                0x0000000008001fdc       0x20 ./Drivers/STM32F4xx_HAL_Driver/Src/stm32f4xx_hal.o
                0x0000000008001fdc                HAL_ResumeTick
 .text.__NVIC_SetPriorityGrouping
                0x0000000008001ffc       0x48 ./Drivers/STM32F4xx_HAL_Driver/Src/stm32f4xx_hal_cortex.o
 .text.__NVIC_GetPriorityGrouping
                0x0000000008002044       0x1c ./Drivers/STM32F4xx_HAL_Driver/Src/stm32f4xx_hal_cortex.o
 .text.__NVIC_EnableIRQ
                0x0000000008002060       0x3c ./Drivers/STM32F4xx_HAL_Driver/Src/stm32f4xx_hal_cortex.o
 .text.__NVIC_SetPriority
                0x000000000800209c       0x54 ./Drivers/STM32F4xx_HAL_Driver/Src/stm32f4xx_hal_cortex.o
 .text.NVIC_EncodePriority
                0x00000000080020f0       0x66 ./Drivers/STM32F4xx_HAL_Driver/Src/stm32f4xx_hal_cortex.o
 *fill*         0x0000000008002156        0x2 
 .text.SysTick_Config
                0x0000000008002158       0x44 ./Drivers/STM32F4xx_HAL_Driver/Src/stm32f4xx_hal_cortex.o
 .text.HAL_NVIC_SetPriorityGrouping
                0x000000000800219c       0x16 ./Drivers/STM32F4xx_HAL_Driver/Src/stm32f4xx_hal_cortex.o
                0x000000000800219c                HAL_NVIC_SetPriorityGrouping
 .text.HAL_NVIC_SetPriority
                0x00000000080021b2       0x38 ./Drivers/STM32F4xx_HAL_Driver/Src/stm32f4xx_hal_cortex.o
                0x00000000080021b2                HAL_NVIC_SetPriority
 .text.HAL_NVIC_EnableIRQ
                0x00000000080021ea       0x1c ./Drivers/STM32F4xx_HAL_Driver/Src/stm32f4xx_hal_cortex.o
                0x00000000080021ea                HAL_NVIC_EnableIRQ
 .text.HAL_SYSTICK_Config
                0x0000000008002206       0x18 ./Drivers/STM32F4xx_HAL_Driver/Src/stm32f4xx_hal_cortex.o
                0x0000000008002206                HAL_SYSTICK_Config
 *fill*         0x000000000800221e        0x2 
 .text.HAL_GPIO_Init
                0x0000000008002220      0x328 ./Drivers/STM32F4xx_HAL_Driver/Src/stm32f4xx_hal_gpio.o
                0x0000000008002220                HAL_GPIO_Init
 .text.HAL_GPIO_WritePin
                0x0000000008002548       0x32 ./Drivers/STM32F4xx_HAL_Driver/Src/stm32f4xx_hal_gpio.o
                0x0000000008002548                HAL_GPIO_WritePin
 *fill*         0x000000000800257a        0x2 
 .text.HAL_GPIO_EXTI_IRQHandler
                0x000000000800257c       0x30 ./Drivers/STM32F4xx_HAL_Driver/Src/stm32f4xx_hal_gpio.o
                0x000000000800257c                HAL_GPIO_EXTI_IRQHandler
 .text.HAL_PWR_EnableWakeUpPin
                0x00000000080025ac       0x24 ./Drivers/STM32F4xx_HAL_Driver/Src/stm32f4xx_hal_pwr.o
                0x00000000080025ac                HAL_PWR_EnableWakeUpPin
 .text.HAL_PWR_EnterSLEEPMode
                0x00000000080025d0       0x38 ./Drivers/STM32F4xx_HAL_Driver/Src/stm32f4xx_hal_pwr.o
                0x00000000080025d0                HAL_PWR_EnterSLEEPMode
 .text.HAL_PWR_EnterSTOPMode
                0x0000000008002608       0x58 ./Drivers/STM32F4xx_HAL_Driver/Src/stm32f4xx_hal_pwr.o
                0x0000000008002608                HAL_PWR_EnterSTOPMode
 .text.HAL_PWR_EnterSTANDBYMode
                0x0000000008002660       0x30 ./Drivers/STM32F4xx_HAL_Driver/Src/stm32f4xx_hal_pwr.o
                0x0000000008002660                HAL_PWR_EnterSTANDBYMode
 .text.HAL_PWR_DisableSleepOnExit
                0x0000000008002690       0x20 ./Drivers/STM32F4xx_HAL_Driver/Src/stm32f4xx_hal_pwr.o
                0x0000000008002690                HAL_PWR_DisableSleepOnExit
 .text.HAL_PWR_EnableSEVOnPend
                0x00000000080026b0       0x20 ./Drivers/STM32F4xx_HAL_Driver/Src/stm32f4xx_hal_pwr.o
                0x00000000080026b0                HAL_PWR_EnableSEVOnPend
 .text.HAL_RCC_ClockConfig
                0x00000000080026d0      0x1cc ./Drivers/STM32F4xx_HAL_Driver/Src/stm32f4xx_hal_rcc.o
                0x00000000080026d0                HAL_RCC_ClockConfig
 .text.HAL_RCC_GetHCLKFreq
                0x000000000800289c       0x18 ./Drivers/STM32F4xx_HAL_Driver/Src/stm32f4xx_hal_rcc.o
                0x000000000800289c                HAL_RCC_GetHCLKFreq
 .text.HAL_RCC_GetPCLK1Freq
                0x00000000080028b4       0x28 ./Drivers/STM32F4xx_HAL_Driver/Src/stm32f4xx_hal_rcc.o
                0x00000000080028b4                HAL_RCC_GetPCLK1Freq
 .text.HAL_RCC_GetPCLK2Freq
                0x00000000080028dc       0x28 ./Drivers/STM32F4xx_HAL_Driver/Src/stm32f4xx_hal_rcc.o
                0x00000000080028dc                HAL_RCC_GetPCLK2Freq
 .text.HAL_RCC_GetSysClockFreq
                0x0000000008002904      0x460 ./Drivers/STM32F4xx_HAL_Driver/Src/stm32f4xx_hal_rcc_ex.o
                0x0000000008002904                HAL_RCC_GetSysClockFreq
 .text.HAL_RCC_OscConfig
                0x0000000008002d64      0x53c ./Drivers/STM32F4xx_HAL_Driver/Src/stm32f4xx_hal_rcc_ex.o
                0x0000000008002d64                HAL_RCC_OscConfig
 .text.HAL_UART_Init
                0x00000000080032a0       0x9a ./Drivers/STM32F4xx_HAL_Driver/Src/stm32f4xx_hal_uart.o
                0x00000000080032a0                HAL_UART_Init
 .text.HAL_UART_Transmit
                0x000000000800333a      0x124 ./Drivers/STM32F4xx_HAL_Driver/Src/stm32f4xx_hal_uart.o
                0x000000000800333a                HAL_UART_Transmit
 .text.HAL_UART_Receive
                0x000000000800345e      0x144 ./Drivers/STM32F4xx_HAL_Driver/Src/stm32f4xx_hal_uart.o
                0x000000000800345e                HAL_UART_Receive
 .text.UART_WaitOnFlagUntilTimeout
                0x00000000080035a2       0xdc ./Drivers/STM32F4xx_HAL_Driver/Src/stm32f4xx_hal_uart.o
 *fill*         0x000000000800367e        0x2 
 .text.UART_SetConfig
                0x0000000008003680      0x4e8 ./Drivers/STM32F4xx_HAL_Driver/Src/stm32f4xx_hal_uart.o
 .text.__libc_init_array
                0x0000000008003b68       0x48 /opt/st/stm32cubeide_1.9.0/plugins/com.st.stm32cube.ide.mcu.externaltools.gnu-tools-for-stm32.10.3-2021.10.linux64_1.0.0.202111181127/tools/bin/../lib/gcc/arm-none-eabi/10.3.1/../../../../arm-none-eabi/lib/thumb/v7e-m+fp/hard/libc_nano.a(lib_a-init.o)
                0x0000000008003b68                __libc_init_array
 .text.memset   0x0000000008003bb0       0x10 /opt/st/stm32cubeide_1.9.0/plugins/com.st.stm32cube.ide.mcu.externaltools.gnu-tools-for-stm32.10.3-2021.10.linux64_1.0.0.202111181127/tools/bin/../lib/gcc/arm-none-eabi/10.3.1/../../../../arm-none-eabi/lib/thumb/v7e-m+fp/hard/libc_nano.a(lib_a-memset.o)
                0x0000000008003bb0                memset
 *(.glue_7)
 .glue_7        0x0000000008003bc0        0x0 linker stubs
 *(.glue_7t)
 .glue_7t       0x0000000008003bc0        0x0 linker stubs
 *(.eh_frame)
 .eh_frame      0x0000000008003bc0        0x0 /opt/st/stm32cubeide_1.9.0/plugins/com.st.stm32cube.ide.mcu.externaltools.gnu-tools-for-stm32.10.3-2021.10.linux64_1.0.0.202111181127/tools/bin/../lib/gcc/arm-none-eabi/10.3.1/thumb/v7e-m+fp/hard/crtbegin.o
 *(.init)
 .init          0x0000000008003bc0        0x4 /opt/st/stm32cubeide_1.9.0/plugins/com.st.stm32cube.ide.mcu.externaltools.gnu-tools-for-stm32.10.3-2021.10.linux64_1.0.0.202111181127/tools/bin/../lib/gcc/arm-none-eabi/10.3.1/thumb/v7e-m+fp/hard/crti.o
                0x0000000008003bc0                _init
 .init          0x0000000008003bc4        0x8 /opt/st/stm32cubeide_1.9.0/plugins/com.st.stm32cube.ide.mcu.externaltools.gnu-tools-for-stm32.10.3-2021.10.linux64_1.0.0.202111181127/tools/bin/../lib/gcc/arm-none-eabi/10.3.1/thumb/v7e-m+fp/hard/crtn.o
 *(.fini)
 .fini          0x0000000008003bcc        0x4 /opt/st/stm32cubeide_1.9.0/plugins/com.st.stm32cube.ide.mcu.externaltools.gnu-tools-for-stm32.10.3-2021.10.linux64_1.0.0.202111181127/tools/bin/../lib/gcc/arm-none-eabi/10.3.1/thumb/v7e-m+fp/hard/crti.o
                0x0000000008003bcc                _fini
 .fini          0x0000000008003bd0        0x8 /opt/st/stm32cubeide_1.9.0/plugins/com.st.stm32cube.ide.mcu.externaltools.gnu-tools-for-stm32.10.3-2021.10.linux64_1.0.0.202111181127/tools/bin/../lib/gcc/arm-none-eabi/10.3.1/thumb/v7e-m+fp/hard/crtn.o
                0x0000000008003bd8                . = ALIGN (0x4)
                0x0000000008003bd8                _etext = .

.vfp11_veneer   0x0000000008003bd8        0x0
 .vfp11_veneer  0x0000000008003bd8        0x0 linker stubs

.v4_bx          0x0000000008003bd8        0x0
 .v4_bx         0x0000000008003bd8        0x0 linker stubs

.iplt           0x0000000008003bd8        0x0
 .iplt          0x0000000008003bd8        0x0 /opt/st/stm32cubeide_1.9.0/plugins/com.st.stm32cube.ide.mcu.externaltools.gnu-tools-for-stm32.10.3-2021.10.linux64_1.0.0.202111181127/tools/bin/../lib/gcc/arm-none-eabi/10.3.1/thumb/v7e-m+fp/hard/crtbegin.o

.rodata         0x0000000008003bd8       0x1c
                0x0000000008003bd8                . = ALIGN (0x4)
 *(.rodata)
 .rodata        0x0000000008003bd8        0x3 ./Core/Src/main.o
 *(.rodata*)
 *fill*         0x0000000008003bdb        0x1 
 .rodata.AHBPrescTable
                0x0000000008003bdc       0x10 ./Core/Src/system_stm32f4xx.o
                0x0000000008003bdc                AHBPrescTable
 .rodata.APBPrescTable
                0x0000000008003bec        0x8 ./Core/Src/system_stm32f4xx.o
                0x0000000008003bec                APBPrescTable
                0x0000000008003bf4                . = ALIGN (0x4)

.ARM.extab      0x0000000008003bf4        0x0
                0x0000000008003bf4                . = ALIGN (0x4)
 *(.ARM.extab* .gnu.linkonce.armextab.*)
                0x0000000008003bf4                . = ALIGN (0x4)

.ARM            0x0000000008003bf4        0x8
                0x0000000008003bf4                . = ALIGN (0x4)
                0x0000000008003bf4                __exidx_start = .
 *(.ARM.exidx*)
 .ARM.exidx     0x0000000008003bf4        0x8 /opt/st/stm32cubeide_1.9.0/plugins/com.st.stm32cube.ide.mcu.externaltools.gnu-tools-for-stm32.10.3-2021.10.linux64_1.0.0.202111181127/tools/bin/../lib/gcc/arm-none-eabi/10.3.1/thumb/v7e-m+fp/hard/libgcc.a(_udivmoddi4.o)
                0x0000000008003bfc                __exidx_end = .
                0x0000000008003bfc                . = ALIGN (0x4)

.rel.dyn        0x0000000008003bfc        0x0
 .rel.iplt      0x0000000008003bfc        0x0 /opt/st/stm32cubeide_1.9.0/plugins/com.st.stm32cube.ide.mcu.externaltools.gnu-tools-for-stm32.10.3-2021.10.linux64_1.0.0.202111181127/tools/bin/../lib/gcc/arm-none-eabi/10.3.1/thumb/v7e-m+fp/hard/crtbegin.o

.preinit_array  0x0000000008003bfc        0x0
                0x0000000008003bfc                . = ALIGN (0x4)
                0x0000000008003bfc                PROVIDE (__preinit_array_start = .)
 *(.preinit_array*)
                0x0000000008003bfc                PROVIDE (__preinit_array_end = .)
                0x0000000008003bfc                . = ALIGN (0x4)

.init_array     0x0000000008003bfc        0x4
                0x0000000008003bfc                . = ALIGN (0x4)
                0x0000000008003bfc                PROVIDE (__init_array_start = .)
 *(SORT_BY_NAME(.init_array.*))
 *(.init_array*)
 .init_array    0x0000000008003bfc        0x4 /opt/st/stm32cubeide_1.9.0/plugins/com.st.stm32cube.ide.mcu.externaltools.gnu-tools-for-stm32.10.3-2021.10.linux64_1.0.0.202111181127/tools/bin/../lib/gcc/arm-none-eabi/10.3.1/thumb/v7e-m+fp/hard/crtbegin.o
                0x0000000008003c00                PROVIDE (__init_array_end = .)
                0x0000000008003c00                . = ALIGN (0x4)

.fini_array     0x0000000008003c00        0x4
                0x0000000008003c00                . = ALIGN (0x4)
                [!provide]                        PROVIDE (__fini_array_start = .)
 *(SORT_BY_NAME(.fini_array.*))
 *(.fini_array*)
 .fini_array    0x0000000008003c00        0x4 /opt/st/stm32cubeide_1.9.0/plugins/com.st.stm32cube.ide.mcu.externaltools.gnu-tools-for-stm32.10.3-2021.10.linux64_1.0.0.202111181127/tools/bin/../lib/gcc/arm-none-eabi/10.3.1/thumb/v7e-m+fp/hard/crtbegin.o
                [!provide]                        PROVIDE (__fini_array_end = .)
                0x0000000008003c04                . = ALIGN (0x4)
                0x0000000008003c04                _sidata = LOADADDR (.data)

.data           0x0000000020000000        0xc load address 0x0000000008003c04
                0x0000000020000000                . = ALIGN (0x4)
                0x0000000020000000                _sdata = .
 *(.data)
 *(.data*)
 .data.SystemCoreClock
                0x0000000020000000        0x4 ./Core/Src/system_stm32f4xx.o
                0x0000000020000000                SystemCoreClock
 .data.uwTickPrio
                0x0000000020000004        0x4 ./Drivers/STM32F4xx_HAL_Driver/Src/stm32f4xx_hal.o
                0x0000000020000004                uwTickPrio
 .data.uwTickFreq
                0x0000000020000008        0x1 ./Drivers/STM32F4xx_HAL_Driver/Src/stm32f4xx_hal.o
                0x0000000020000008                uwTickFreq
 *(.RamFunc)
 *(.RamFunc*)
                0x000000002000000c                . = ALIGN (0x4)
 *fill*         0x0000000020000009        0x3 
                0x000000002000000c                _edata = .

.igot.plt       0x000000002000000c        0x0 load address 0x0000000008003c10
 .igot.plt      0x000000002000000c        0x0 /opt/st/stm32cubeide_1.9.0/plugins/com.st.stm32cube.ide.mcu.externaltools.gnu-tools-for-stm32.10.3-2021.10.linux64_1.0.0.202111181127/tools/bin/../lib/gcc/arm-none-eabi/10.3.1/thumb/v7e-m+fp/hard/crtbegin.o
                0x000000002000000c                . = ALIGN (0x4)

.bss            0x000000002000000c      0x664 load address 0x0000000008003c10
                0x000000002000000c                _sbss = .
                0x000000002000000c                __bss_start__ = _sbss
 *(.bss)
 .bss           0x000000002000000c       0x1c /opt/st/stm32cubeide_1.9.0/plugins/com.st.stm32cube.ide.mcu.externaltools.gnu-tools-for-stm32.10.3-2021.10.linux64_1.0.0.202111181127/tools/bin/../lib/gcc/arm-none-eabi/10.3.1/thumb/v7e-m+fp/hard/crtbegin.o
 *(.bss*)
 .bss.PINS_     0x0000000020000028      0x600 ./Core/Src/main.o
                0x0000000020000028                PINS_
 .bss.huart2    0x0000000020000628       0x44 ./Core/Src/main.o
                0x0000000020000628                huart2
 .bss.uwTick    0x000000002000066c        0x4 ./Drivers/STM32F4xx_HAL_Driver/Src/stm32f4xx_hal.o
                0x000000002000066c                uwTick
 *(COMMON)
                0x0000000020000670                . = ALIGN (0x4)
                0x0000000020000670                _ebss = .
                0x0000000020000670                __bss_end__ = _ebss

._user_heap_stack
                0x0000000020000670      0x600 load address 0x0000000008003c10
                0x0000000020000670                . = ALIGN (0x8)
                [!provide]                        PROVIDE (end = .)
                0x0000000020000670                PROVIDE (_end = .)
                0x0000000020000870                . = (. + _Min_Heap_Size)
 *fill*         0x0000000020000670      0x200 
                0x0000000020000c70                . = (. + _Min_Stack_Size)
 *fill*         0x0000000020000870      0x400 
                0x0000000020000c70                . = ALIGN (0x8)

/DISCARD/
 libc.a(*)
 libm.a(*)
 libgcc.a(*)

.ARM.attributes
                0x0000000000000000       0x30
 *(.ARM.attributes)
 .ARM.attributes
                0x0000000000000000       0x1e /opt/st/stm32cubeide_1.9.0/plugins/com.st.stm32cube.ide.mcu.externaltools.gnu-tools-for-stm32.10.3-2021.10.linux64_1.0.0.202111181127/tools/bin/../lib/gcc/arm-none-eabi/10.3.1/thumb/v7e-m+fp/hard/crti.o
 .ARM.attributes
                0x000000000000001e       0x34 /opt/st/stm32cubeide_1.9.0/plugins/com.st.stm32cube.ide.mcu.externaltools.gnu-tools-for-stm32.10.3-2021.10.linux64_1.0.0.202111181127/tools/bin/../lib/gcc/arm-none-eabi/10.3.1/thumb/v7e-m+fp/hard/crtbegin.o
 .ARM.attributes
                0x0000000000000052       0x34 ./Core/Src/main.o
 .ARM.attributes
                0x0000000000000086       0x34 ./Core/Src/setup.o
 .ARM.attributes
                0x00000000000000ba       0x34 ./Core/Src/stm32f4xx_hal_msp.o
 .ARM.attributes
                0x00000000000000ee       0x34 ./Core/Src/stm32f4xx_it.o
 .ARM.attributes
                0x0000000000000122       0x34 ./Core/Src/system_stm32f4xx.o
 .ARM.attributes
                0x0000000000000156       0x21 ./Core/Startup/startup_stm32f446retx.o
 .ARM.attributes
                0x0000000000000177       0x34 ./Drivers/STM32F4xx_HAL_Driver/Src/stm32f4xx_hal.o
 .ARM.attributes
                0x00000000000001ab       0x34 ./Drivers/STM32F4xx_HAL_Driver/Src/stm32f4xx_hal_cortex.o
 .ARM.attributes
                0x00000000000001df       0x34 ./Drivers/STM32F4xx_HAL_Driver/Src/stm32f4xx_hal_gpio.o
 .ARM.attributes
                0x0000000000000213       0x34 ./Drivers/STM32F4xx_HAL_Driver/Src/stm32f4xx_hal_pwr.o
 .ARM.attributes
                0x0000000000000247       0x34 ./Drivers/STM32F4xx_HAL_Driver/Src/stm32f4xx_hal_rcc.o
 .ARM.attributes
                0x000000000000027b       0x34 ./Drivers/STM32F4xx_HAL_Driver/Src/stm32f4xx_hal_rcc_ex.o
 .ARM.attributes
                0x00000000000002af       0x34 ./Drivers/STM32F4xx_HAL_Driver/Src/stm32f4xx_hal_uart.o
 .ARM.attributes
                0x00000000000002e3       0x34 /opt/st/stm32cubeide_1.9.0/plugins/com.st.stm32cube.ide.mcu.externaltools.gnu-tools-for-stm32.10.3-2021.10.linux64_1.0.0.202111181127/tools/bin/../lib/gcc/arm-none-eabi/10.3.1/../../../../arm-none-eabi/lib/thumb/v7e-m+fp/hard/libc_nano.a(lib_a-init.o)
 .ARM.attributes
                0x0000000000000317       0x34 /opt/st/stm32cubeide_1.9.0/plugins/com.st.stm32cube.ide.mcu.externaltools.gnu-tools-for-stm32.10.3-2021.10.linux64_1.0.0.202111181127/tools/bin/../lib/gcc/arm-none-eabi/10.3.1/../../../../arm-none-eabi/lib/thumb/v7e-m+fp/hard/libc_nano.a(lib_a-memset.o)
 .ARM.attributes
                0x000000000000034b       0x1e /opt/st/stm32cubeide_1.9.0/plugins/com.st.stm32cube.ide.mcu.externaltools.gnu-tools-for-stm32.10.3-2021.10.linux64_1.0.0.202111181127/tools/bin/../lib/gcc/arm-none-eabi/10.3.1/thumb/v7e-m+fp/hard/libgcc.a(_aeabi_uldivmod.o)
 .ARM.attributes
                0x0000000000000369       0x34 /opt/st/stm32cubeide_1.9.0/plugins/com.st.stm32cube.ide.mcu.externaltools.gnu-tools-for-stm32.10.3-2021.10.linux64_1.0.0.202111181127/tools/bin/../lib/gcc/arm-none-eabi/10.3.1/thumb/v7e-m+fp/hard/libgcc.a(_udivmoddi4.o)
 .ARM.attributes
                0x000000000000039d       0x1e /opt/st/stm32cubeide_1.9.0/plugins/com.st.stm32cube.ide.mcu.externaltools.gnu-tools-for-stm32.10.3-2021.10.linux64_1.0.0.202111181127/tools/bin/../lib/gcc/arm-none-eabi/10.3.1/thumb/v7e-m+fp/hard/libgcc.a(_dvmd_tls.o)
 .ARM.attributes
                0x00000000000003bb       0x1e /opt/st/stm32cubeide_1.9.0/plugins/com.st.stm32cube.ide.mcu.externaltools.gnu-tools-for-stm32.10.3-2021.10.linux64_1.0.0.202111181127/tools/bin/../lib/gcc/arm-none-eabi/10.3.1/thumb/v7e-m+fp/hard/crtn.o
OUTPUT(F446RE_T.elf elf32-littlearm)
LOAD linker stubs
LOAD /opt/st/stm32cubeide_1.9.0/plugins/com.st.stm32cube.ide.mcu.externaltools.gnu-tools-for-stm32.10.3-2021.10.linux64_1.0.0.202111181127/tools/bin/../lib/gcc/arm-none-eabi/10.3.1/../../../../arm-none-eabi/lib/thumb/v7e-m+fp/hard/libc.a
LOAD /opt/st/stm32cubeide_1.9.0/plugins/com.st.stm32cube.ide.mcu.externaltools.gnu-tools-for-stm32.10.3-2021.10.linux64_1.0.0.202111181127/tools/bin/../lib/gcc/arm-none-eabi/10.3.1/../../../../arm-none-eabi/lib/thumb/v7e-m+fp/hard/libm.a
LOAD /opt/st/stm32cubeide_1.9.0/plugins/com.st.stm32cube.ide.mcu.externaltools.gnu-tools-for-stm32.10.3-2021.10.linux64_1.0.0.202111181127/tools/bin/../lib/gcc/arm-none-eabi/10.3.1/thumb/v7e-m+fp/hard/libgcc.a

.debug_info     0x0000000000000000     0x9629
 .debug_info    0x0000000000000000     0x167e ./Core/Src/main.o
 .debug_info    0x000000000000167e      0x29a ./Core/Src/setup.o
 .debug_info    0x0000000000001918      0x9b6 ./Core/Src/stm32f4xx_hal_msp.o
 .debug_info    0x00000000000022ce      0x15d ./Core/Src/stm32f4xx_it.o
 .debug_info    0x000000000000242b      0x55b ./Core/Src/system_stm32f4xx.o
 .debug_info    0x0000000000002986       0x22 ./Core/Startup/startup_stm32f446retx.o
 .debug_info    0x00000000000029a8      0x9d2 ./Drivers/STM32F4xx_HAL_Driver/Src/stm32f4xx_hal.o
 .debug_info    0x000000000000337a      0xe39 ./Drivers/STM32F4xx_HAL_Driver/Src/stm32f4xx_hal_cortex.o
 .debug_info    0x00000000000041b3      0x7be ./Drivers/STM32F4xx_HAL_Driver/Src/stm32f4xx_hal_gpio.o
 .debug_info    0x0000000000004971      0x765 ./Drivers/STM32F4xx_HAL_Driver/Src/stm32f4xx_hal_pwr.o
 .debug_info    0x00000000000050d6      0x9ab ./Drivers/STM32F4xx_HAL_Driver/Src/stm32f4xx_hal_rcc.o
 .debug_info    0x0000000000005a81      0x9ec ./Drivers/STM32F4xx_HAL_Driver/Src/stm32f4xx_hal_rcc_ex.o
 .debug_info    0x000000000000646d     0x31bc ./Drivers/STM32F4xx_HAL_Driver/Src/stm32f4xx_hal_uart.o

.debug_abbrev   0x0000000000000000     0x185c
 .debug_abbrev  0x0000000000000000      0x363 ./Core/Src/main.o
 .debug_abbrev  0x0000000000000363      0x170 ./Core/Src/setup.o
 .debug_abbrev  0x00000000000004d3      0x1b0 ./Core/Src/stm32f4xx_hal_msp.o
 .debug_abbrev  0x0000000000000683       0x9f ./Core/Src/stm32f4xx_it.o
 .debug_abbrev  0x0000000000000722      0x116 ./Core/Src/system_stm32f4xx.o
 .debug_abbrev  0x0000000000000838       0x12 ./Core/Startup/startup_stm32f446retx.o
 .debug_abbrev  0x000000000000084a      0x20d ./Drivers/STM32F4xx_HAL_Driver/Src/stm32f4xx_hal.o
 .debug_abbrev  0x0000000000000a57      0x316 ./Drivers/STM32F4xx_HAL_Driver/Src/stm32f4xx_hal_cortex.o
 .debug_abbrev  0x0000000000000d6d      0x1c4 ./Drivers/STM32F4xx_HAL_Driver/Src/stm32f4xx_hal_gpio.o
 .debug_abbrev  0x0000000000000f31      0x192 ./Drivers/STM32F4xx_HAL_Driver/Src/stm32f4xx_hal_pwr.o
 .debug_abbrev  0x00000000000010c3      0x2aa ./Drivers/STM32F4xx_HAL_Driver/Src/stm32f4xx_hal_rcc.o
 .debug_abbrev  0x000000000000136d      0x1fb ./Drivers/STM32F4xx_HAL_Driver/Src/stm32f4xx_hal_rcc_ex.o
 .debug_abbrev  0x0000000000001568      0x2f4 ./Drivers/STM32F4xx_HAL_Driver/Src/stm32f4xx_hal_uart.o

.debug_aranges  0x0000000000000000      0x800
 .debug_aranges
                0x0000000000000000       0xd8 ./Core/Src/main.o
 .debug_aranges
                0x00000000000000d8       0x40 ./Core/Src/setup.o
 .debug_aranges
                0x0000000000000118       0x30 ./Core/Src/stm32f4xx_hal_msp.o
 .debug_aranges
                0x0000000000000148       0x68 ./Core/Src/stm32f4xx_it.o
 .debug_aranges
                0x00000000000001b0       0x28 ./Core/Src/system_stm32f4xx.o
 .debug_aranges
                0x00000000000001d8       0x28 ./Core/Startup/startup_stm32f446retx.o
 .debug_aranges
                0x0000000000000200       0xf0 ./Drivers/STM32F4xx_HAL_Driver/Src/stm32f4xx_hal.o
 .debug_aranges
                0x00000000000002f0      0x118 ./Drivers/STM32F4xx_HAL_Driver/Src/stm32f4xx_hal_cortex.o
 .debug_aranges
                0x0000000000000408       0x58 ./Drivers/STM32F4xx_HAL_Driver/Src/stm32f4xx_hal_gpio.o
 .debug_aranges
                0x0000000000000460       0xa0 ./Drivers/STM32F4xx_HAL_Driver/Src/stm32f4xx_hal_pwr.o
 .debug_aranges
                0x0000000000000500       0x88 ./Drivers/STM32F4xx_HAL_Driver/Src/stm32f4xx_hal_rcc.o
 .debug_aranges
                0x0000000000000588       0x78 ./Drivers/STM32F4xx_HAL_Driver/Src/stm32f4xx_hal_rcc_ex.o
 .debug_aranges
                0x0000000000000600      0x200 ./Drivers/STM32F4xx_HAL_Driver/Src/stm32f4xx_hal_uart.o

.debug_ranges   0x0000000000000000      0x768
 .debug_ranges  0x0000000000000000       0xc8 ./Core/Src/main.o
 .debug_ranges  0x00000000000000c8       0x30 ./Core/Src/setup.o
 .debug_ranges  0x00000000000000f8       0x20 ./Core/Src/stm32f4xx_hal_msp.o
 .debug_ranges  0x0000000000000118       0x58 ./Core/Src/stm32f4xx_it.o
 .debug_ranges  0x0000000000000170       0x18 ./Core/Src/system_stm32f4xx.o
 .debug_ranges  0x0000000000000188       0x20 ./Core/Startup/startup_stm32f446retx.o
 .debug_ranges  0x00000000000001a8       0xe0 ./Drivers/STM32F4xx_HAL_Driver/Src/stm32f4xx_hal.o
 .debug_ranges  0x0000000000000288      0x108 ./Drivers/STM32F4xx_HAL_Driver/Src/stm32f4xx_hal_cortex.o
 .debug_ranges  0x0000000000000390       0x48 ./Drivers/STM32F4xx_HAL_Driver/Src/stm32f4xx_hal_gpio.o
 .debug_ranges  0x00000000000003d8       0x90 ./Drivers/STM32F4xx_HAL_Driver/Src/stm32f4xx_hal_pwr.o
 .debug_ranges  0x0000000000000468       0x78 ./Drivers/STM32F4xx_HAL_Driver/Src/stm32f4xx_hal_rcc.o
 .debug_ranges  0x00000000000004e0       0x68 ./Drivers/STM32F4xx_HAL_Driver/Src/stm32f4xx_hal_rcc_ex.o
 .debug_ranges  0x0000000000000548      0x220 ./Drivers/STM32F4xx_HAL_Driver/Src/stm32f4xx_hal_uart.o

.debug_macro    0x0000000000000000    0x20d17
 .debug_macro   0x0000000000000000      0x2b0 ./Core/Src/main.o
 .debug_macro   0x00000000000002b0      0xa78 ./Core/Src/main.o
 .debug_macro   0x0000000000000d28      0x295 ./Core/Src/main.o
 .debug_macro   0x0000000000000fbd       0x2e ./Core/Src/main.o
 .debug_macro   0x0000000000000feb       0x28 ./Core/Src/main.o
 .debug_macro   0x0000000000001013       0x22 ./Core/Src/main.o
 .debug_macro   0x0000000000001035       0x8e ./Core/Src/main.o
 .debug_macro   0x00000000000010c3       0x51 ./Core/Src/main.o
 .debug_macro   0x0000000000001114      0x103 ./Core/Src/main.o
 .debug_macro   0x0000000000001217       0x6a ./Core/Src/main.o
 .debug_macro   0x0000000000001281      0x1df ./Core/Src/main.o
 .debug_macro   0x0000000000001460       0x1c ./Core/Src/main.o
 .debug_macro   0x000000000000147c       0x22 ./Core/Src/main.o
 .debug_macro   0x000000000000149e       0xd9 ./Core/Src/main.o
 .debug_macro   0x0000000000001577     0x102d ./Core/Src/main.o
 .debug_macro   0x00000000000025a4      0x11f ./Core/Src/main.o
 .debug_macro   0x00000000000026c3    0x16749 ./Core/Src/main.o
 .debug_macro   0x0000000000018e0c       0x6d ./Core/Src/main.o
 .debug_macro   0x0000000000018e79     0x367e ./Core/Src/main.o
 .debug_macro   0x000000000001c4f7      0x174 ./Core/Src/main.o
 .debug_macro   0x000000000001c66b       0x5c ./Core/Src/main.o
 .debug_macro   0x000000000001c6c7      0xc90 ./Core/Src/main.o
 .debug_macro   0x000000000001d357      0x9fe ./Core/Src/main.o
 .debug_macro   0x000000000001dd55      0x115 ./Core/Src/main.o
 .debug_macro   0x000000000001de6a      0x1a0 ./Core/Src/main.o
 .debug_macro   0x000000000001e00a       0xa5 ./Core/Src/main.o
 .debug_macro   0x000000000001e0af      0x16d ./Core/Src/main.o
 .debug_macro   0x000000000001e21c      0x287 ./Core/Src/main.o
 .debug_macro   0x000000000001e4a3       0x5f ./Core/Src/main.o
 .debug_macro   0x000000000001e502      0x236 ./Core/Src/main.o
 .debug_macro   0x000000000001e738      0x132 ./Core/Src/main.o
 .debug_macro   0x000000000001e86a      0x29c ./Core/Src/main.o
 .debug_macro   0x000000000001eb06       0x2e ./Core/Src/main.o
 .debug_macro   0x000000000001eb34      0x11a ./Core/Src/main.o
 .debug_macro   0x000000000001ec4e       0xe8 ./Core/Src/main.o
 .debug_macro   0x000000000001ed36       0x89 ./Core/Src/main.o
 .debug_macro   0x000000000001edbf      0x295 ./Core/Src/main.o
 .debug_macro   0x000000000001f054      0x126 ./Core/Src/main.o
 .debug_macro   0x000000000001f17a       0x58 ./Core/Src/main.o
 .debug_macro   0x000000000001f1d2       0x28 ./Core/Src/main.o
 .debug_macro   0x000000000001f1fa       0x52 ./Core/Src/main.o
 .debug_macro   0x000000000001f24c       0x1e ./Core/Src/main.o
 .debug_macro   0x000000000001f26a       0x3c ./Core/Src/main.o
 .debug_macro   0x000000000001f2a6       0x34 ./Core/Src/main.o
 .debug_macro   0x000000000001f2da       0x16 ./Core/Src/main.o
 .debug_macro   0x000000000001f2f0       0x43 ./Core/Src/main.o
 .debug_macro   0x000000000001f333       0x34 ./Core/Src/main.o
 .debug_macro   0x000000000001f367       0x10 ./Core/Src/main.o
 .debug_macro   0x000000000001f377       0x58 ./Core/Src/main.o
 .debug_macro   0x000000000001f3cf       0x71 ./Core/Src/main.o
 .debug_macro   0x000000000001f440       0x1c ./Core/Src/main.o
 .debug_macro   0x000000000001f45c      0x12a ./Core/Src/main.o
 .debug_macro   0x000000000001f586      0x341 ./Core/Src/main.o
 .debug_macro   0x000000000001f8c7       0x10 ./Core/Src/main.o
 .debug_macro   0x000000000001f8d7       0x35 ./Core/Src/main.o
 .debug_macro   0x000000000001f90c       0x20 ./Core/Src/main.o
 .debug_macro   0x000000000001f92c      0x1dc ./Core/Src/setup.o
 .debug_macro   0x000000000001fb08      0x1c9 ./Core/Src/stm32f4xx_hal_msp.o
 .debug_macro   0x000000000001fcd1      0x1d3 ./Core/Src/stm32f4xx_it.o
 .debug_macro   0x000000000001fea4      0x1ba ./Core/Src/system_stm32f4xx.o
 .debug_macro   0x000000000002005e      0x21a ./Drivers/STM32F4xx_HAL_Driver/Src/stm32f4xx_hal.o
 .debug_macro   0x0000000000020278      0x1ba ./Drivers/STM32F4xx_HAL_Driver/Src/stm32f4xx_hal_cortex.o
 .debug_macro   0x0000000000020432      0x1c0 ./Drivers/STM32F4xx_HAL_Driver/Src/stm32f4xx_hal_gpio.o
 .debug_macro   0x00000000000205f2      0x1d2 ./Drivers/STM32F4xx_HAL_Driver/Src/stm32f4xx_hal_pwr.o
 .debug_macro   0x00000000000207c4      0x1de ./Drivers/STM32F4xx_HAL_Driver/Src/stm32f4xx_hal_rcc.o
 .debug_macro   0x00000000000209a2      0x1ba ./Drivers/STM32F4xx_HAL_Driver/Src/stm32f4xx_hal_rcc_ex.o
 .debug_macro   0x0000000000020b5c      0x1bb ./Drivers/STM32F4xx_HAL_Driver/Src/stm32f4xx_hal_uart.o

.debug_line     0x0000000000000000     0x9eef
 .debug_line    0x0000000000000000      0xede ./Core/Src/main.o
 .debug_line    0x0000000000000ede      0x857 ./Core/Src/setup.o
 .debug_line    0x0000000000001735      0x6b0 ./Core/Src/stm32f4xx_hal_msp.o
 .debug_line    0x0000000000001de5      0x73d ./Core/Src/stm32f4xx_it.o
 .debug_line    0x0000000000002522      0x6e4 ./Core/Src/system_stm32f4xx.o
 .debug_line    0x0000000000002c06       0x88 ./Core/Startup/startup_stm32f446retx.o
 .debug_line    0x0000000000002c8e      0x94a ./Drivers/STM32F4xx_HAL_Driver/Src/stm32f4xx_hal.o
 .debug_line    0x00000000000035d8      0xbf9 ./Drivers/STM32F4xx_HAL_Driver/Src/stm32f4xx_hal_cortex.o
 .debug_line    0x00000000000041d1      0xaaa ./Drivers/STM32F4xx_HAL_Driver/Src/stm32f4xx_hal_gpio.o
 .debug_line    0x0000000000004c7b      0x856 ./Drivers/STM32F4xx_HAL_Driver/Src/stm32f4xx_hal_pwr.o
 .debug_line    0x00000000000054d1      0xcd2 ./Drivers/STM32F4xx_HAL_Driver/Src/stm32f4xx_hal_rcc.o
 .debug_line    0x00000000000061a3     0x135d ./Drivers/STM32F4xx_HAL_Driver/Src/stm32f4xx_hal_rcc_ex.o
 .debug_line    0x0000000000007500     0x29ef ./Drivers/STM32F4xx_HAL_Driver/Src/stm32f4xx_hal_uart.o

.debug_str      0x0000000000000000    0xc75c9
 .debug_str     0x0000000000000000    0xc5bc8 ./Core/Src/main.o
                                      0xc5eff (size before relaxing)
 .debug_str     0x00000000000c5bc8       0x37 ./Core/Src/setup.o
                                      0xc20d3 (size before relaxing)
 .debug_str     0x00000000000c5bff       0x83 ./Core/Src/stm32f4xx_hal_msp.o
                                      0xc2635 (size before relaxing)
 .debug_str     0x00000000000c5c82       0xf3 ./Core/Src/stm32f4xx_it.o
                                      0xc20c0 (size before relaxing)
 .debug_str     0x00000000000c5d75       0xdb ./Core/Src/system_stm32f4xx.o
                                      0xc20ab (size before relaxing)
 .debug_str     0x00000000000c5e50       0x36 ./Core/Startup/startup_stm32f446retx.o
                                         0x73 (size before relaxing)
 .debug_str     0x00000000000c5e86      0x5db ./Drivers/STM32F4xx_HAL_Driver/Src/stm32f4xx_hal.o
                                      0xc2c70 (size before relaxing)
 .debug_str     0x00000000000c6461      0x341 ./Drivers/STM32F4xx_HAL_Driver/Src/stm32f4xx_hal_cortex.o
                                      0xc297e (size before relaxing)
 .debug_str     0x00000000000c67a2       0xd4 ./Drivers/STM32F4xx_HAL_Driver/Src/stm32f4xx_hal_gpio.o
                                      0xc2226 (size before relaxing)
 .debug_str     0x00000000000c6876      0x1d7 ./Drivers/STM32F4xx_HAL_Driver/Src/stm32f4xx_hal_pwr.o
                                      0xc22e1 (size before relaxing)
 .debug_str     0x00000000000c6a4d      0x233 ./Drivers/STM32F4xx_HAL_Driver/Src/stm32f4xx_hal_rcc.o
                                      0xc24e4 (size before relaxing)
 .debug_str     0x00000000000c6c80      0x324 ./Drivers/STM32F4xx_HAL_Driver/Src/stm32f4xx_hal_rcc_ex.o
                                      0xc2517 (size before relaxing)
 .debug_str     0x00000000000c6fa4      0x625 ./Drivers/STM32F4xx_HAL_Driver/Src/stm32f4xx_hal_uart.o
                                      0xc2a59 (size before relaxing)

.comment        0x0000000000000000       0x50
 .comment       0x0000000000000000       0x50 ./Core/Src/main.o
                                         0x51 (size before relaxing)
 .comment       0x0000000000000050       0x51 ./Core/Src/setup.o
 .comment       0x0000000000000050       0x51 ./Core/Src/stm32f4xx_hal_msp.o
 .comment       0x0000000000000050       0x51 ./Core/Src/stm32f4xx_it.o
 .comment       0x0000000000000050       0x51 ./Core/Src/system_stm32f4xx.o
 .comment       0x0000000000000050       0x51 ./Drivers/STM32F4xx_HAL_Driver/Src/stm32f4xx_hal.o
 .comment       0x0000000000000050       0x51 ./Drivers/STM32F4xx_HAL_Driver/Src/stm32f4xx_hal_cortex.o
 .comment       0x0000000000000050       0x51 ./Drivers/STM32F4xx_HAL_Driver/Src/stm32f4xx_hal_gpio.o
 .comment       0x0000000000000050       0x51 ./Drivers/STM32F4xx_HAL_Driver/Src/stm32f4xx_hal_pwr.o
 .comment       0x0000000000000050       0x51 ./Drivers/STM32F4xx_HAL_Driver/Src/stm32f4xx_hal_rcc.o
 .comment       0x0000000000000050       0x51 ./Drivers/STM32F4xx_HAL_Driver/Src/stm32f4xx_hal_rcc_ex.o
 .comment       0x0000000000000050       0x51 ./Drivers/STM32F4xx_HAL_Driver/Src/stm32f4xx_hal_uart.o

.debug_frame    0x0000000000000000     0x1fa8
 .debug_frame   0x0000000000000000      0x374 ./Core/Src/main.o
 .debug_frame   0x0000000000000374       0xd0 ./Core/Src/setup.o
 .debug_frame   0x0000000000000444       0x7c ./Core/Src/stm32f4xx_hal_msp.o
 .debug_frame   0x00000000000004c0      0x120 ./Core/Src/stm32f4xx_it.o
 .debug_frame   0x00000000000005e0       0x58 ./Core/Src/system_stm32f4xx.o
 .debug_frame   0x0000000000000638      0x374 ./Drivers/STM32F4xx_HAL_Driver/Src/stm32f4xx_hal.o
 .debug_frame   0x00000000000009ac      0x498 ./Drivers/STM32F4xx_HAL_Driver/Src/stm32f4xx_hal_cortex.o
 .debug_frame   0x0000000000000e44      0x14c ./Drivers/STM32F4xx_HAL_Driver/Src/stm32f4xx_hal_gpio.o
 .debug_frame   0x0000000000000f90      0x264 ./Drivers/STM32F4xx_HAL_Driver/Src/stm32f4xx_hal_pwr.o
 .debug_frame   0x00000000000011f4      0x1f4 ./Drivers/STM32F4xx_HAL_Driver/Src/stm32f4xx_hal_rcc.o
 .debug_frame   0x00000000000013e8      0x1e8 ./Drivers/STM32F4xx_HAL_Driver/Src/stm32f4xx_hal_rcc_ex.o
 .debug_frame   0x00000000000015d0      0x92c ./Drivers/STM32F4xx_HAL_Driver/Src/stm32f4xx_hal_uart.o
 .debug_frame   0x0000000000001efc       0x2c /opt/st/stm32cubeide_1.9.0/plugins/com.st.stm32cube.ide.mcu.externaltools.gnu-tools-for-stm32.10.3-2021.10.linux64_1.0.0.202111181127/tools/bin/../lib/gcc/arm-none-eabi/10.3.1/../../../../arm-none-eabi/lib/thumb/v7e-m+fp/hard/libc_nano.a(lib_a-init.o)
 .debug_frame   0x0000000000001f28       0x20 /opt/st/stm32cubeide_1.9.0/plugins/com.st.stm32cube.ide.mcu.externaltools.gnu-tools-for-stm32.10.3-2021.10.linux64_1.0.0.202111181127/tools/bin/../lib/gcc/arm-none-eabi/10.3.1/../../../../arm-none-eabi/lib/thumb/v7e-m+fp/hard/libc_nano.a(lib_a-memset.o)
 .debug_frame   0x0000000000001f48       0x2c /opt/st/stm32cubeide_1.9.0/plugins/com.st.stm32cube.ide.mcu.externaltools.gnu-tools-for-stm32.10.3-2021.10.linux64_1.0.0.202111181127/tools/bin/../lib/gcc/arm-none-eabi/10.3.1/thumb/v7e-m+fp/hard/libgcc.a(_aeabi_uldivmod.o)
 .debug_frame   0x0000000000001f74       0x34 /opt/st/stm32cubeide_1.9.0/plugins/com.st.stm32cube.ide.mcu.externaltools.gnu-tools-for-stm32.10.3-2021.10.linux64_1.0.0.202111181127/tools/bin/../lib/gcc/arm-none-eabi/10.3.1/thumb/v7e-m+fp/hard/libgcc.a(_udivmoddi4.o)
