../Core/Src/main.c:81:5:main	16	static
../Core/Src/main.c:129:6:run_tests	24	static
../Core/Src/main.c:202:6:configure_output	16	static
../Core/Src/main.c:219:5:configure_input	16	static
../Core/Src/main.c:230:6:configure_input_pullup	16	static
../Core/Src/main.c:241:6:configure_input_pulldown	16	static
../Core/Src/main.c:253:5:configure_analog_input	16	static
../Core/Src/main.c:265:6:HAL_GPIO_EXTI_Callback	16	static
../Core/Src/main.c:273:6:configure_sleep_mode	16	static
../Core/Src/main.c:317:6:wakeUp	40	static,ignoring_inline_asm
../Core/Src/main.c:336:6:EXTI15_10_IRQHandler	8	static
../Core/Src/main.c:357:5:analogRead	24	static
../Core/Src/main.c:393:6:pinMode	16	static
../Core/Src/main.c:420:5:digitalRead	24	static
../Core/Src/main.c:436:6:digitalWrite	16	static
../Core/Src/main.c:450:6:reset_pins	16	static
../Core/Src/main.c:461:5:command_read	16	static
../Core/Src/main.c:466:5:command_write	32	static
../Core/Src/main.c:474:5:crc_encode	40	static
../Core/Src/main.c:492:5:crc_decode	24	static
../Core/Src/main.c:511:6:SystemClock_Config	88	static
../Core/Src/main.c:558:6:MX_USART2_UART_Init	8	static
../Core/Src/main.c:591:6:MX_GPIO_Init	48	static
../Core/Src/main.c:637:6:Error_Handler	4	static,ignoring_inline_asm
