Archive member included to satisfy reference by file (symbol)

/opt/st/stm32cubeide_1.9.0/plugins/com.st.stm32cube.ide.mcu.externaltools.gnu-tools-for-stm32.10.3-2021.10.linux64_1.0.0.202111181127/tools/bin/../lib/gcc/arm-none-eabi/10.3.1/../../../../arm-none-eabi/lib/thumb/v7e-m+fp/hard/libc_nano.a(lib_a-errno.o)
                              ./Core/Src/syscalls.o (__errno)
/opt/st/stm32cubeide_1.9.0/plugins/com.st.stm32cube.ide.mcu.externaltools.gnu-tools-for-stm32.10.3-2021.10.linux64_1.0.0.202111181127/tools/bin/../lib/gcc/arm-none-eabi/10.3.1/../../../../arm-none-eabi/lib/thumb/v7e-m+fp/hard/libc_nano.a(lib_a-exit.o)
                              /opt/st/stm32cubeide_1.9.0/plugins/com.st.stm32cube.ide.mcu.externaltools.gnu-tools-for-stm32.10.3-2021.10.linux64_1.0.0.202111181127/tools/bin/../lib/gcc/arm-none-eabi/10.3.1/../../../../arm-none-eabi/lib/thumb/v7e-m+fp/hard/crt0.o (exit)
/opt/st/stm32cubeide_1.9.0/plugins/com.st.stm32cube.ide.mcu.externaltools.gnu-tools-for-stm32.10.3-2021.10.linux64_1.0.0.202111181127/tools/bin/../lib/gcc/arm-none-eabi/10.3.1/../../../../arm-none-eabi/lib/thumb/v7e-m+fp/hard/libc_nano.a(lib_a-impure.o)
                              /opt/st/stm32cubeide_1.9.0/plugins/com.st.stm32cube.ide.mcu.externaltools.gnu-tools-for-stm32.10.3-2021.10.linux64_1.0.0.202111181127/tools/bin/../lib/gcc/arm-none-eabi/10.3.1/../../../../arm-none-eabi/lib/thumb/v7e-m+fp/hard/libc_nano.a(lib_a-exit.o) (_global_impure_ptr)
/opt/st/stm32cubeide_1.9.0/plugins/com.st.stm32cube.ide.mcu.externaltools.gnu-tools-for-stm32.10.3-2021.10.linux64_1.0.0.202111181127/tools/bin/../lib/gcc/arm-none-eabi/10.3.1/../../../../arm-none-eabi/lib/thumb/v7e-m+fp/hard/libc_nano.a(lib_a-init.o)
                              /opt/st/stm32cubeide_1.9.0/plugins/com.st.stm32cube.ide.mcu.externaltools.gnu-tools-for-stm32.10.3-2021.10.linux64_1.0.0.202111181127/tools/bin/../lib/gcc/arm-none-eabi/10.3.1/../../../../arm-none-eabi/lib/thumb/v7e-m+fp/hard/crt0.o (__libc_init_array)
/opt/st/stm32cubeide_1.9.0/plugins/com.st.stm32cube.ide.mcu.externaltools.gnu-tools-for-stm32.10.3-2021.10.linux64_1.0.0.202111181127/tools/bin/../lib/gcc/arm-none-eabi/10.3.1/../../../../arm-none-eabi/lib/thumb/v7e-m+fp/hard/libc_nano.a(lib_a-memset.o)
                              /opt/st/stm32cubeide_1.9.0/plugins/com.st.stm32cube.ide.mcu.externaltools.gnu-tools-for-stm32.10.3-2021.10.linux64_1.0.0.202111181127/tools/bin/../lib/gcc/arm-none-eabi/10.3.1/../../../../arm-none-eabi/lib/thumb/v7e-m+fp/hard/crt0.o (memset)
/opt/st/stm32cubeide_1.9.0/plugins/com.st.stm32cube.ide.mcu.externaltools.gnu-tools-for-stm32.10.3-2021.10.linux64_1.0.0.202111181127/tools/bin/../lib/gcc/arm-none-eabi/10.3.1/thumb/v7e-m+fp/hard/libgcc.a(_aeabi_uldivmod.o)
                              ./Drivers/STM32F4xx_HAL_Driver/Src/stm32f4xx_hal_rcc.o (__aeabi_uldivmod)
/opt/st/stm32cubeide_1.9.0/plugins/com.st.stm32cube.ide.mcu.externaltools.gnu-tools-for-stm32.10.3-2021.10.linux64_1.0.0.202111181127/tools/bin/../lib/gcc/arm-none-eabi/10.3.1/thumb/v7e-m+fp/hard/libgcc.a(_udivmoddi4.o)
                              /opt/st/stm32cubeide_1.9.0/plugins/com.st.stm32cube.ide.mcu.externaltools.gnu-tools-for-stm32.10.3-2021.10.linux64_1.0.0.202111181127/tools/bin/../lib/gcc/arm-none-eabi/10.3.1/thumb/v7e-m+fp/hard/libgcc.a(_aeabi_uldivmod.o) (__udivmoddi4)
/opt/st/stm32cubeide_1.9.0/plugins/com.st.stm32cube.ide.mcu.externaltools.gnu-tools-for-stm32.10.3-2021.10.linux64_1.0.0.202111181127/tools/bin/../lib/gcc/arm-none-eabi/10.3.1/thumb/v7e-m+fp/hard/libgcc.a(_dvmd_tls.o)
                              /opt/st/stm32cubeide_1.9.0/plugins/com.st.stm32cube.ide.mcu.externaltools.gnu-tools-for-stm32.10.3-2021.10.linux64_1.0.0.202111181127/tools/bin/../lib/gcc/arm-none-eabi/10.3.1/thumb/v7e-m+fp/hard/libgcc.a(_aeabi_uldivmod.o) (__aeabi_ldiv0)

Discarded input sections

 .text          0x0000000000000000        0x0 /opt/st/stm32cubeide_1.9.0/plugins/com.st.stm32cube.ide.mcu.externaltools.gnu-tools-for-stm32.10.3-2021.10.linux64_1.0.0.202111181127/tools/bin/../lib/gcc/arm-none-eabi/10.3.1/thumb/v7e-m+fp/hard/crti.o
 .data          0x0000000000000000        0x0 /opt/st/stm32cubeide_1.9.0/plugins/com.st.stm32cube.ide.mcu.externaltools.gnu-tools-for-stm32.10.3-2021.10.linux64_1.0.0.202111181127/tools/bin/../lib/gcc/arm-none-eabi/10.3.1/thumb/v7e-m+fp/hard/crti.o
 .bss           0x0000000000000000        0x0 /opt/st/stm32cubeide_1.9.0/plugins/com.st.stm32cube.ide.mcu.externaltools.gnu-tools-for-stm32.10.3-2021.10.linux64_1.0.0.202111181127/tools/bin/../lib/gcc/arm-none-eabi/10.3.1/thumb/v7e-m+fp/hard/crti.o
 .data          0x0000000000000000        0x4 /opt/st/stm32cubeide_1.9.0/plugins/com.st.stm32cube.ide.mcu.externaltools.gnu-tools-for-stm32.10.3-2021.10.linux64_1.0.0.202111181127/tools/bin/../lib/gcc/arm-none-eabi/10.3.1/thumb/v7e-m+fp/hard/crtbegin.o
[...]
Memory Configuration

Name             Origin             Length             Attributes
RAM              0x0000000020000000 0x0000000000018000 xrw
FLASH            0x0000000008000000 0x0000000000080000 xr
*default*        0x0000000000000000 0xffffffffffffffff

Linker script and memory map

LOAD /opt/st/stm32cubeide_1.9.0/plugins/com.st.stm32cube.ide.mcu.externaltools.gnu-tools-for-stm32.10.3-2021.10.linux64_1.0.0.202111181127/tools/bin/../lib/gcc/arm-none-eabi/10.3.1/thumb/v7e-m+fp/hard/crti.o
LOAD /opt/st/stm32cubeide_1.9.0/plugins/com.st.stm32cube.ide.mcu.externaltools.gnu-tools-for-stm32.10.3-2021.10.linux64_1.0.0.202111181127/tools/bin/../lib/gcc/arm-none-eabi/10.3.1/thumb/v7e-m+fp/hard/crtbegin.o
LOAD /opt/st/stm32cubeide_1.9.0/plugins/com.st.stm32cube.ide.mcu.externaltools.gnu-tools-for-stm32.10.3-2021.10.linux64_1.0.0.202111181127/tools/bin/../lib/gcc/arm-none-eabi/10.3.1/../../../../arm-none-eabi/lib/thumb/v7e-m+fp/hard/crt0.o
LOAD ./Core/Src/main.o
LOAD ./Core/Src/setup.o
LOAD ./Core/Src/stm32f4xx_hal_msp.o
LOAD ./Core/Src/stm32f4xx_it.o
LOAD ./Core/Src/syscalls.o
LOAD ./Core/Src/sysmem.o
LOAD ./Core/Src/system_stm32f4xx.o
LOAD ./Core/Startup/startup_stm32f401retx.o
LOAD ./Drivers/STM32F4xx_HAL_Driver/Src/stm32f4xx_hal.o
LOAD ./Drivers/STM32F4xx_HAL_Driver/Src/stm32f4xx_hal_cortex.o
LOAD ./Drivers/STM32F4xx_HAL_Driver/Src/stm32f4xx_hal_dma.o
LOAD ./Drivers/STM32F4xx_HAL_Driver/Src/stm32f4xx_hal_dma_ex.o
LOAD ./Drivers/STM32F4xx_HAL_Driver/Src/stm32f4xx_hal_exti.o
LOAD ./Drivers/STM32F4xx_HAL_Driver/Src/stm32f4xx_hal_flash.o
LOAD ./Drivers/STM32F4xx_HAL_Driver/Src/stm32f4xx_hal_flash_ex.o
LOAD ./Drivers/STM32F4xx_HAL_Driver/Src/stm32f4xx_hal_flash_ramfunc.o
LOAD ./Drivers/STM32F4xx_HAL_Driver/Src/stm32f4xx_hal_gpio.o
LOAD ./Drivers/STM32F4xx_HAL_Driver/Src/stm32f4xx_hal_pwr.o
LOAD ./Drivers/STM32F4xx_HAL_Driver/Src/stm32f4xx_hal_pwr_ex.o
LOAD ./Drivers/STM32F4xx_HAL_Driver/Src/stm32f4xx_hal_rcc.o
LOAD ./Drivers/STM32F4xx_HAL_Driver/Src/stm32f4xx_hal_rcc_ex.o
LOAD ./Drivers/STM32F4xx_HAL_Driver/Src/stm32f4xx_hal_tim.o
LOAD ./Drivers/STM32F4xx_HAL_Driver/Src/stm32f4xx_hal_tim_ex.o
LOAD ./Drivers/STM32F4xx_HAL_Driver/Src/stm32f4xx_hal_uart.o
START GROUP
LOAD /opt/st/stm32cubeide_1.9.0/plugins/com.st.stm32cube.ide.mcu.externaltools.gnu-tools-for-stm32.10.3-2021.10.linux64_1.0.0.202111181127/tools/bin/../lib/gcc/arm-none-eabi/10.3.1/../../../../arm-none-eabi/lib/thumb/v7e-m+fp/hard/libc_nano.a
LOAD /opt/st/stm32cubeide_1.9.0/plugins/com.st.stm32cube.ide.mcu.externaltools.gnu-tools-for-stm32.10.3-2021.10.linux64_1.0.0.202111181127/tools/bin/../lib/gcc/arm-none-eabi/10.3.1/../../../../arm-none-eabi/lib/thumb/v7e-m+fp/hard/libm.a
END GROUP
START GROUP
LOAD /opt/st/stm32cubeide_1.9.0/plugins/com.st.stm32cube.ide.mcu.externaltools.gnu-tools-for-stm32.10.3-2021.10.linux64_1.0.0.202111181127/tools/bin/../lib/gcc/arm-none-eabi/10.3.1/thumb/v7e-m+fp/hard/libgcc.a
LOAD /opt/st/stm32cubeide_1.9.0/plugins/com.st.stm32cube.ide.mcu.externaltools.gnu-tools-for-stm32.10.3-2021.10.linux64_1.0.0.202111181127/tools/bin/../lib/gcc/arm-none-eabi/10.3.1/../../../../arm-none-eabi/lib/thumb/v7e-m+fp/hard/libc_nano.a
END GROUP
START GROUP
LOAD /opt/st/stm32cubeide_1.9.0/plugins/com.st.stm32cube.ide.mcu.externaltools.gnu-tools-for-stm32.10.3-2021.10.linux64_1.0.0.202111181127/tools/bin/../lib/gcc/arm-none-eabi/10.3.1/thumb/v7e-m+fp/hard/libgcc.a
LOAD /opt/st/stm32cubeide_1.9.0/plugins/com.st.stm32cube.ide.mcu.externaltools.gnu-tools-for-stm32.10.3-2021.10.linux64_1.0.0.202111181127/tools/bin/../lib/gcc/arm-none-eabi/10.3.1/../../../../arm-none-eabi/lib/thumb/v7e-m+fp/hard/libc_nano.a
LOAD /opt/st/stm32cubeide_1.9.0/plugins/com.st.stm32cube.ide.mcu.externaltools.gnu-tools-for-stm32.10.3-2021.10.linux64_1.0.0.202111181127/tools/bin/../lib/gcc/arm-none-eabi/10.3.1/../../../../arm-none-eabi/lib/thumb/v7e-m+fp/hard/libnosys.a
END GROUP
START GROUP
LOAD /opt/st/stm32cubeide_1.9.0/plugins/com.st.stm32cube.ide.mcu.externaltools.gnu-tools-for-stm32.10.3-2021.10.linux64_1.0.0.202111181127/tools/bin/../lib/gcc/arm-none-eabi/10.3.1/thumb/v7e-m+fp/hard/libgcc.a
LOAD /opt/st/stm32cubeide_1.9.0/plugins/com.st.stm32cube.ide.mcu.externaltools.gnu-tools-for-stm32.10.3-2021.10.linux64_1.0.0.202111181127/tools/bin/../lib/gcc/arm-none-eabi/10.3.1/../../../../arm-none-eabi/lib/thumb/v7e-m+fp/hard/libc_nano.a
LOAD /opt/st/stm32cubeide_1.9.0/plugins/com.st.stm32cube.ide.mcu.externaltools.gnu-tools-for-stm32.10.3-2021.10.linux64_1.0.0.202111181127/tools/bin/../lib/gcc/arm-none-eabi/10.3.1/../../../../arm-none-eabi/lib/thumb/v7e-m+fp/hard/libnosys.a
END GROUP
LOAD /opt/st/stm32cubeide_1.9.0/plugins/com.st.stm32cube.ide.mcu.externaltools.gnu-tools-for-stm32.10.3-2021.10.linux64_1.0.0.202111181127/tools/bin/../lib/gcc/arm-none-eabi/10.3.1/thumb/v7e-m+fp/hard/crtend.o
LOAD /opt/st/stm32cubeide_1.9.0/plugins/com.st.stm32cube.ide.mcu.externaltools.gnu-tools-for-stm32.10.3-2021.10.linux64_1.0.0.202111181127/tools/bin/../lib/gcc/arm-none-eabi/10.3.1/thumb/v7e-m+fp/hard/crtn.o
                0x0000000020018000                _estack = (ORIGIN (RAM) + LENGTH (RAM))
                0x0000000000000200                _Min_Heap_Size = 0x200
                0x0000000000000400                _Min_Stack_Size = 0x400

.isr_vector     0x0000000008000000      0x194
                0x0000000008000000                . = ALIGN (0x4)
 *(.isr_vector)
 .isr_vector    0x0000000008000000      0x194 ./Core/Startup/startup_stm32f401retx.o
                0x0000000008000000                g_pfnVectors
                0x0000000008000194                . = ALIGN (0x4)

.text           0x0000000008000194     0x371c
                0x0000000008000194                . = ALIGN (0x4)
 *(.text)
 .text          0x0000000008000194       0x40 /opt/st/stm32cubeide_1.9.0/plugins/com.st.stm32cube.ide.mcu.externaltools.gnu-tools-for-stm32.10.3-2021.10.linux64_1.0.0.202111181127/tools/bin/../lib/gcc/arm-none-eabi/10.3.1/thumb/v7e-m+fp/hard/crtbegin.o
 .text          0x00000000080001d4       0x30 /opt/st/stm32cubeide_1.9.0/plugins/com.st.stm32cube.ide.mcu.externaltools.gnu-tools-for-stm32.10.3-2021.10.linux64_1.0.0.202111181127/tools/bin/../lib/gcc/arm-none-eabi/10.3.1/thumb/v7e-m+fp/hard/libgcc.a(_aeabi_uldivmod.o)
                0x00000000080001d4                __aeabi_uldivmod
 .text          0x0000000008000204      0x2d0 /opt/st/stm32cubeide_1.9.0/plugins/com.st.stm32cube.ide.mcu.externaltools.gnu-tools-for-stm32.10.3-2021.10.linux64_1.0.0.202111181127/tools/bin/../lib/gcc/arm-none-eabi/10.3.1/thumb/v7e-m+fp/hard/libgcc.a(_udivmoddi4.o)
                0x0000000008000204                __udivmoddi4
 .text          0x00000000080004d4        0x4 /opt/st/stm32cubeide_1.9.0/plugins/com.st.stm32cube.ide.mcu.externaltools.gnu-tools-for-stm32.10.3-2021.10.linux64_1.0.0.202111181127/tools/bin/../lib/gcc/arm-none-eabi/10.3.1/thumb/v7e-m+fp/hard/libgcc.a(_dvmd_tls.o)
                0x00000000080004d4                __aeabi_ldiv0
                0x00000000080004d4                __aeabi_idiv0
 *(.text*)
 .text.main     0x00000000080004d8       0x8c ./Core/Src/main.o
                0x00000000080004d8                main
 .text.run_tests
                0x0000000008000564      0x1b6 ./Core/Src/main.o
                0x0000000008000564                run_tests
 .text.configure_output
                0x000000000800071a       0x38 ./Core/Src/main.o
                0x000000000800071a                configure_output
 .text.configure_input
                0x0000000008000752       0x24 ./Core/Src/main.o
                0x0000000008000752                configure_input
 .text.configure_input_pullup
                0x0000000008000776       0x1a ./Core/Src/main.o
                0x0000000008000776                configure_input_pullup
 .text.configure_input_pulldown
                0x0000000008000790       0x1a ./Core/Src/main.o
                0x0000000008000790                configure_input_pulldown
 .text.configure_analog_input
                0x00000000080007aa       0x26 ./Core/Src/main.o
                0x00000000080007aa                configure_analog_input
 .text.HAL_GPIO_EXTI_Callback
                0x00000000080007d0       0x1e ./Core/Src/main.o
                0x00000000080007d0                HAL_GPIO_EXTI_Callback
 *fill*         0x00000000080007ee        0x2 
 .text.configure_sleep_mode
                0x00000000080007f0       0xa0 ./Core/Src/main.o
                0x00000000080007f0                configure_sleep_mode
 .text.wakeUp   0x0000000008000890       0x58 ./Core/Src/main.o
                0x0000000008000890                wakeUp
 .text.EXTI15_10_IRQHandler
                0x00000000080008e8       0x48 ./Core/Src/main.o
                0x00000000080008e8                EXTI15_10_IRQHandler
 .text.analogRead
                0x0000000008000930      0x150 ./Core/Src/main.o
                0x0000000008000930                analogRead
 .text.pinMode  0x0000000008000a80      0x378 ./Core/Src/main.o
                0x0000000008000a80                pinMode
 .text.digitalRead
                0x0000000008000df8       0x54 ./Core/Src/main.o
                0x0000000008000df8                digitalRead
 .text.digitalWrite
                0x0000000008000e4c       0xac ./Core/Src/main.o
                0x0000000008000e4c                digitalWrite
 .text.reset_pins
                0x0000000008000ef8       0x2c ./Core/Src/main.o
                0x0000000008000ef8                reset_pins
 .text.command_read
                0x0000000008000f24       0x24 ./Core/Src/main.o
                0x0000000008000f24                command_read
 .text.command_write
                0x0000000008000f48       0x38 ./Core/Src/main.o
                0x0000000008000f48                command_write
 .text.crc_encode
                0x0000000008000f80       0x80 ./Core/Src/main.o
                0x0000000008000f80                crc_encode
 .text.crc_decode
                0x0000000008001000       0x64 ./Core/Src/main.o
                0x0000000008001000                crc_decode
 .text.SystemClock_Config
                0x0000000008001064       0xd8 ./Core/Src/main.o
                0x0000000008001064                SystemClock_Config
 .text.MX_USART2_UART_Init
                0x000000000800113c       0x54 ./Core/Src/main.o
                0x000000000800113c                MX_USART2_UART_Init
 .text.MX_GPIO_Init
                0x0000000008001190      0x108 ./Core/Src/main.o
                0x0000000008001190                MX_GPIO_Init
 .text.Error_Handler
                0x0000000008001298        0xa ./Core/Src/main.o
                0x0000000008001298                Error_Handler
 .text.delay    0x00000000080012a2       0x3a ./Core/Src/setup.o
                0x00000000080012a2                delay
 .text.pin_set  0x00000000080012dc       0x40 ./Core/Src/setup.o
                0x00000000080012dc                pin_set
 .text.init_pins
                0x000000000800131c      0x998 ./Core/Src/setup.o
                0x000000000800131c                init_pins
 .text.HAL_MspInit
                0x0000000008001cb4       0x50 ./Core/Src/stm32f4xx_hal_msp.o
                0x0000000008001cb4                HAL_MspInit
 .text.HAL_UART_MspInit
                0x0000000008001d04       0x90 ./Core/Src/stm32f4xx_hal_msp.o
                0x0000000008001d04                HAL_UART_MspInit
 .text.NMI_Handler
                0x0000000008001d94        0x6 ./Core/Src/stm32f4xx_it.o
                0x0000000008001d94                NMI_Handler
 .text.HardFault_Handler
                0x0000000008001d9a        0x6 ./Core/Src/stm32f4xx_it.o
                0x0000000008001d9a                HardFault_Handler
 .text.MemManage_Handler
                0x0000000008001da0        0x6 ./Core/Src/stm32f4xx_it.o
                0x0000000008001da0                MemManage_Handler
 .text.BusFault_Handler
                0x0000000008001da6        0x6 ./Core/Src/stm32f4xx_it.o
                0x0000000008001da6                BusFault_Handler
 .text.UsageFault_Handler
                0x0000000008001dac        0x6 ./Core/Src/stm32f4xx_it.o
                0x0000000008001dac                UsageFault_Handler
 .text.SVC_Handler
                0x0000000008001db2        0xe ./Core/Src/stm32f4xx_it.o
                0x0000000008001db2                SVC_Handler
 .text.DebugMon_Handler
                0x0000000008001dc0        0xe ./Core/Src/stm32f4xx_it.o
                0x0000000008001dc0                DebugMon_Handler
 .text.PendSV_Handler
                0x0000000008001dce        0xe ./Core/Src/stm32f4xx_it.o
                0x0000000008001dce                PendSV_Handler
 .text.SysTick_Handler
                0x0000000008001ddc        0xc ./Core/Src/stm32f4xx_it.o
                0x0000000008001ddc                SysTick_Handler
 .text.EXTI0_IRQHandler
                0x0000000008001de8        0xe ./Core/Src/stm32f4xx_it.o
                0x0000000008001de8                EXTI0_IRQHandler
 *fill*         0x0000000008001df6        0x2 
 .text.SystemInit
                0x0000000008001df8       0x24 ./Core/Src/system_stm32f4xx.o
                0x0000000008001df8                SystemInit
 .text.Reset_Handler
                0x0000000008001e1c       0x50 ./Core/Startup/startup_stm32f401retx.o
                0x0000000008001e1c                Reset_Handler
 .text.Default_Handler
                0x0000000008001e6c        0x2 ./Core/Startup/startup_stm32f401retx.o
                0x0000000008001e6c                RTC_Alarm_IRQHandler
                0x0000000008001e6c                EXTI2_IRQHandler
                0x0000000008001e6c                SPI4_IRQHandler
                0x0000000008001e6c                TIM1_CC_IRQHandler
                0x0000000008001e6c                DMA2_Stream5_IRQHandler
                0x0000000008001e6c                DMA1_Stream5_IRQHandler
                0x0000000008001e6c                PVD_IRQHandler
                0x0000000008001e6c                SDIO_IRQHandler
                0x0000000008001e6c                TAMP_STAMP_IRQHandler
                0x0000000008001e6c                EXTI3_IRQHandler
                0x0000000008001e6c                TIM1_UP_TIM10_IRQHandler
                0x0000000008001e6c                I2C3_ER_IRQHandler
                0x0000000008001e6c                I2C2_EV_IRQHandler
                0x0000000008001e6c                DMA1_Stream2_IRQHandler
                0x0000000008001e6c                FPU_IRQHandler
                0x0000000008001e6c                DMA2_Stream2_IRQHandler
                0x0000000008001e6c                SPI1_IRQHandler
                0x0000000008001e6c                TIM1_BRK_TIM9_IRQHandler
                0x0000000008001e6c                DMA2_Stream3_IRQHandler
                0x0000000008001e6c                USART6_IRQHandler
                0x0000000008001e6c                DMA2_Stream0_IRQHandler
                0x0000000008001e6c                TIM4_IRQHandler
                0x0000000008001e6c                I2C1_EV_IRQHandler
                0x0000000008001e6c                DMA1_Stream6_IRQHandler
                0x0000000008001e6c                DMA1_Stream1_IRQHandler
                0x0000000008001e6c                TIM3_IRQHandler
                0x0000000008001e6c                RCC_IRQHandler
                0x0000000008001e6c                Default_Handler
                0x0000000008001e6c                ADC_IRQHandler
                0x0000000008001e6c                DMA1_Stream7_IRQHandler
                0x0000000008001e6c                TIM5_IRQHandler
                0x0000000008001e6c                DMA2_Stream7_IRQHandler
                0x0000000008001e6c                I2C3_EV_IRQHandler
                0x0000000008001e6c                EXTI9_5_IRQHandler
                0x0000000008001e6c                RTC_WKUP_IRQHandler
                0x0000000008001e6c                SPI2_IRQHandler
                0x0000000008001e6c                DMA1_Stream0_IRQHandler
                0x0000000008001e6c                EXTI4_IRQHandler
                0x0000000008001e6c                WWDG_IRQHandler
                0x0000000008001e6c                TIM2_IRQHandler
                0x0000000008001e6c                OTG_FS_WKUP_IRQHandler
                0x0000000008001e6c                TIM1_TRG_COM_TIM11_IRQHandler
                0x0000000008001e6c                EXTI1_IRQHandler
                0x0000000008001e6c                USART2_IRQHandler
                0x0000000008001e6c                I2C2_ER_IRQHandler
                0x0000000008001e6c                DMA2_Stream1_IRQHandler
                0x0000000008001e6c                FLASH_IRQHandler
                0x0000000008001e6c                DMA2_Stream4_IRQHandler
                0x0000000008001e6c                USART1_IRQHandler
                0x0000000008001e6c                OTG_FS_IRQHandler
                0x0000000008001e6c                SPI3_IRQHandler
                0x0000000008001e6c                DMA1_Stream4_IRQHandler
                0x0000000008001e6c                I2C1_ER_IRQHandler
                0x0000000008001e6c                DMA2_Stream6_IRQHandler
                0x0000000008001e6c                DMA1_Stream3_IRQHandler
 *fill*         0x0000000008001e6e        0x2 
 .text.HAL_Init
                0x0000000008001e70       0x44 ./Drivers/STM32F4xx_HAL_Driver/Src/stm32f4xx_hal.o
                0x0000000008001e70                HAL_Init
 .text.HAL_InitTick
                0x0000000008001eb4       0x60 ./Drivers/STM32F4xx_HAL_Driver/Src/stm32f4xx_hal.o
                0x0000000008001eb4                HAL_InitTick
 .text.HAL_IncTick
                0x0000000008001f14       0x28 ./Drivers/STM32F4xx_HAL_Driver/Src/stm32f4xx_hal.o
                0x0000000008001f14                HAL_IncTick
 .text.HAL_GetTick
                0x0000000008001f3c       0x18 ./Drivers/STM32F4xx_HAL_Driver/Src/stm32f4xx_hal.o
                0x0000000008001f3c                HAL_GetTick
 .text.HAL_SuspendTick
                0x0000000008001f54       0x20 ./Drivers/STM32F4xx_HAL_Driver/Src/stm32f4xx_hal.o
                0x0000000008001f54                HAL_SuspendTick
 .text.HAL_ResumeTick
                0x0000000008001f74       0x20 ./Drivers/STM32F4xx_HAL_Driver/Src/stm32f4xx_hal.o
                0x0000000008001f74                HAL_ResumeTick
 .text.__NVIC_SetPriorityGrouping
                0x0000000008001f94       0x48 ./Drivers/STM32F4xx_HAL_Driver/Src/stm32f4xx_hal_cortex.o
 .text.__NVIC_GetPriorityGrouping
                0x0000000008001fdc       0x1c ./Drivers/STM32F4xx_HAL_Driver/Src/stm32f4xx_hal_cortex.o
 .text.__NVIC_EnableIRQ
                0x0000000008001ff8       0x3c ./Drivers/STM32F4xx_HAL_Driver/Src/stm32f4xx_hal_cortex.o
 .text.__NVIC_SetPriority
                0x0000000008002034       0x54 ./Drivers/STM32F4xx_HAL_Driver/Src/stm32f4xx_hal_cortex.o
 .text.NVIC_EncodePriority
                0x0000000008002088       0x66 ./Drivers/STM32F4xx_HAL_Driver/Src/stm32f4xx_hal_cortex.o
 *fill*         0x00000000080020ee        0x2 
 .text.SysTick_Config
                0x00000000080020f0       0x44 ./Drivers/STM32F4xx_HAL_Driver/Src/stm32f4xx_hal_cortex.o
 .text.HAL_NVIC_SetPriorityGrouping
                0x0000000008002134       0x16 ./Drivers/STM32F4xx_HAL_Driver/Src/stm32f4xx_hal_cortex.o
                0x0000000008002134                HAL_NVIC_SetPriorityGrouping
 .text.HAL_NVIC_SetPriority
                0x000000000800214a       0x38 ./Drivers/STM32F4xx_HAL_Driver/Src/stm32f4xx_hal_cortex.o
                0x000000000800214a                HAL_NVIC_SetPriority
 .text.HAL_NVIC_EnableIRQ
                0x0000000008002182       0x1c ./Drivers/STM32F4xx_HAL_Driver/Src/stm32f4xx_hal_cortex.o
                0x0000000008002182                HAL_NVIC_EnableIRQ
 .text.HAL_SYSTICK_Config
                0x000000000800219e       0x18 ./Drivers/STM32F4xx_HAL_Driver/Src/stm32f4xx_hal_cortex.o
                0x000000000800219e                HAL_SYSTICK_Config
 *fill*         0x00000000080021b6        0x2 
 .text.HAL_GPIO_Init
                0x00000000080021b8      0x308 ./Drivers/STM32F4xx_HAL_Driver/Src/stm32f4xx_hal_gpio.o
                0x00000000080021b8                HAL_GPIO_Init
 .text.HAL_GPIO_WritePin
                0x00000000080024c0       0x32 ./Drivers/STM32F4xx_HAL_Driver/Src/stm32f4xx_hal_gpio.o
                0x00000000080024c0                HAL_GPIO_WritePin
 *fill*         0x00000000080024f2        0x2 
 .text.HAL_GPIO_EXTI_IRQHandler
                0x00000000080024f4       0x30 ./Drivers/STM32F4xx_HAL_Driver/Src/stm32f4xx_hal_gpio.o
                0x00000000080024f4                HAL_GPIO_EXTI_IRQHandler
 .text.HAL_PWR_EnableWakeUpPin
                0x0000000008002524       0x24 ./Drivers/STM32F4xx_HAL_Driver/Src/stm32f4xx_hal_pwr.o
                0x0000000008002524                HAL_PWR_EnableWakeUpPin
 .text.HAL_PWR_EnterSLEEPMode
                0x0000000008002548       0x38 ./Drivers/STM32F4xx_HAL_Driver/Src/stm32f4xx_hal_pwr.o
                0x0000000008002548                HAL_PWR_EnterSLEEPMode
 .text.HAL_PWR_EnterSTOPMode
                0x0000000008002580       0x58 ./Drivers/STM32F4xx_HAL_Driver/Src/stm32f4xx_hal_pwr.o
                0x0000000008002580                HAL_PWR_EnterSTOPMode
 .text.HAL_PWR_EnterSTANDBYMode
                0x00000000080025d8       0x30 ./Drivers/STM32F4xx_HAL_Driver/Src/stm32f4xx_hal_pwr.o
                0x00000000080025d8                HAL_PWR_EnterSTANDBYMode
 .text.HAL_PWR_DisableSleepOnExit
                0x0000000008002608       0x20 ./Drivers/STM32F4xx_HAL_Driver/Src/stm32f4xx_hal_pwr.o
                0x0000000008002608                HAL_PWR_DisableSleepOnExit
 .text.HAL_PWR_EnableSEVOnPend
                0x0000000008002628       0x20 ./Drivers/STM32F4xx_HAL_Driver/Src/stm32f4xx_hal_pwr.o
                0x0000000008002628                HAL_PWR_EnableSEVOnPend
 .text.HAL_RCC_OscConfig
                0x0000000008002648      0x4f0 ./Drivers/STM32F4xx_HAL_Driver/Src/stm32f4xx_hal_rcc.o
                0x0000000008002648                HAL_RCC_OscConfig
 .text.HAL_RCC_ClockConfig
                0x0000000008002b38      0x1cc ./Drivers/STM32F4xx_HAL_Driver/Src/stm32f4xx_hal_rcc.o
                0x0000000008002b38                HAL_RCC_ClockConfig
 .text.HAL_RCC_GetSysClockFreq
                0x0000000008002d04      0x20c ./Drivers/STM32F4xx_HAL_Driver/Src/stm32f4xx_hal_rcc.o
                0x0000000008002d04                HAL_RCC_GetSysClockFreq
 .text.HAL_RCC_GetHCLKFreq
                0x0000000008002f10       0x18 ./Drivers/STM32F4xx_HAL_Driver/Src/stm32f4xx_hal_rcc.o
                0x0000000008002f10                HAL_RCC_GetHCLKFreq
 .text.HAL_RCC_GetPCLK1Freq
                0x0000000008002f28       0x28 ./Drivers/STM32F4xx_HAL_Driver/Src/stm32f4xx_hal_rcc.o
                0x0000000008002f28                HAL_RCC_GetPCLK1Freq
 .text.HAL_RCC_GetPCLK2Freq
                0x0000000008002f50       0x28 ./Drivers/STM32F4xx_HAL_Driver/Src/stm32f4xx_hal_rcc.o
                0x0000000008002f50                HAL_RCC_GetPCLK2Freq
 .text.HAL_UART_Init
                0x0000000008002f78       0x9a ./Drivers/STM32F4xx_HAL_Driver/Src/stm32f4xx_hal_uart.o
                0x0000000008002f78                HAL_UART_Init
 .text.HAL_UART_Transmit
                0x0000000008003012      0x124 ./Drivers/STM32F4xx_HAL_Driver/Src/stm32f4xx_hal_uart.o
                0x0000000008003012                HAL_UART_Transmit
 .text.HAL_UART_Receive
                0x0000000008003136      0x144 ./Drivers/STM32F4xx_HAL_Driver/Src/stm32f4xx_hal_uart.o
                0x0000000008003136                HAL_UART_Receive
 .text.UART_WaitOnFlagUntilTimeout
                0x000000000800327a       0xdc ./Drivers/STM32F4xx_HAL_Driver/Src/stm32f4xx_hal_uart.o
 *fill*         0x0000000008003356        0x2 
 .text.UART_SetConfig
                0x0000000008003358      0x4e8 ./Drivers/STM32F4xx_HAL_Driver/Src/stm32f4xx_hal_uart.o
 .text.__libc_init_array
                0x0000000008003840       0x48 /opt/st/stm32cubeide_1.9.0/plugins/com.st.stm32cube.ide.mcu.externaltools.gnu-tools-for-stm32.10.3-2021.10.linux64_1.0.0.202111181127/tools/bin/../lib/gcc/arm-none-eabi/10.3.1/../../../../arm-none-eabi/lib/thumb/v7e-m+fp/hard/libc_nano.a(lib_a-init.o)
                0x0000000008003840                __libc_init_array
 .text.memset   0x0000000008003888       0x10 /opt/st/stm32cubeide_1.9.0/plugins/com.st.stm32cube.ide.mcu.externaltools.gnu-tools-for-stm32.10.3-2021.10.linux64_1.0.0.202111181127/tools/bin/../lib/gcc/arm-none-eabi/10.3.1/../../../../arm-none-eabi/lib/thumb/v7e-m+fp/hard/libc_nano.a(lib_a-memset.o)
                0x0000000008003888                memset
 *(.glue_7)
 .glue_7        0x0000000008003898        0x0 linker stubs
 *(.glue_7t)
 .glue_7t       0x0000000008003898        0x0 linker stubs
 *(.eh_frame)
 .eh_frame      0x0000000008003898        0x0 /opt/st/stm32cubeide_1.9.0/plugins/com.st.stm32cube.ide.mcu.externaltools.gnu-tools-for-stm32.10.3-2021.10.linux64_1.0.0.202111181127/tools/bin/../lib/gcc/arm-none-eabi/10.3.1/thumb/v7e-m+fp/hard/crtbegin.o
 *(.init)
 .init          0x0000000008003898        0x4 /opt/st/stm32cubeide_1.9.0/plugins/com.st.stm32cube.ide.mcu.externaltools.gnu-tools-for-stm32.10.3-2021.10.linux64_1.0.0.202111181127/tools/bin/../lib/gcc/arm-none-eabi/10.3.1/thumb/v7e-m+fp/hard/crti.o
                0x0000000008003898                _init
 .init          0x000000000800389c        0x8 /opt/st/stm32cubeide_1.9.0/plugins/com.st.stm32cube.ide.mcu.externaltools.gnu-tools-for-stm32.10.3-2021.10.linux64_1.0.0.202111181127/tools/bin/../lib/gcc/arm-none-eabi/10.3.1/thumb/v7e-m+fp/hard/crtn.o
 *(.fini)
 .fini          0x00000000080038a4        0x4 /opt/st/stm32cubeide_1.9.0/plugins/com.st.stm32cube.ide.mcu.externaltools.gnu-tools-for-stm32.10.3-2021.10.linux64_1.0.0.202111181127/tools/bin/../lib/gcc/arm-none-eabi/10.3.1/thumb/v7e-m+fp/hard/crti.o
                0x00000000080038a4                _fini
 .fini          0x00000000080038a8        0x8 /opt/st/stm32cubeide_1.9.0/plugins/com.st.stm32cube.ide.mcu.externaltools.gnu-tools-for-stm32.10.3-2021.10.linux64_1.0.0.202111181127/tools/bin/../lib/gcc/arm-none-eabi/10.3.1/thumb/v7e-m+fp/hard/crtn.o
                0x00000000080038b0                . = ALIGN (0x4)
                0x00000000080038b0                _etext = .

.vfp11_veneer   0x00000000080038b0        0x0
 .vfp11_veneer  0x00000000080038b0        0x0 linker stubs

.v4_bx          0x00000000080038b0        0x0
 .v4_bx         0x00000000080038b0        0x0 linker stubs

.iplt           0x00000000080038b0        0x0
 .iplt          0x00000000080038b0        0x0 /opt/st/stm32cubeide_1.9.0/plugins/com.st.stm32cube.ide.mcu.externaltools.gnu-tools-for-stm32.10.3-2021.10.linux64_1.0.0.202111181127/tools/bin/../lib/gcc/arm-none-eabi/10.3.1/thumb/v7e-m+fp/hard/crtbegin.o

.rodata         0x00000000080038b0       0x1c
                0x00000000080038b0                . = ALIGN (0x4)
 *(.rodata)
 .rodata        0x00000000080038b0        0x3 ./Core/Src/main.o
 *(.rodata*)
 *fill*         0x00000000080038b3        0x1 
 .rodata.AHBPrescTable
                0x00000000080038b4       0x10 ./Core/Src/system_stm32f4xx.o
                0x00000000080038b4                AHBPrescTable
 .rodata.APBPrescTable
                0x00000000080038c4        0x8 ./Core/Src/system_stm32f4xx.o
                0x00000000080038c4                APBPrescTable
                0x00000000080038cc                . = ALIGN (0x4)

.ARM.extab      0x00000000080038cc        0x0
                0x00000000080038cc                . = ALIGN (0x4)
 *(.ARM.extab* .gnu.linkonce.armextab.*)
                0x00000000080038cc                . = ALIGN (0x4)

.ARM            0x00000000080038cc        0x8
                0x00000000080038cc                . = ALIGN (0x4)
                0x00000000080038cc                __exidx_start = .
 *(.ARM.exidx*)
 .ARM.exidx     0x00000000080038cc        0x8 /opt/st/stm32cubeide_1.9.0/plugins/com.st.stm32cube.ide.mcu.externaltools.gnu-tools-for-stm32.10.3-2021.10.linux64_1.0.0.202111181127/tools/bin/../lib/gcc/arm-none-eabi/10.3.1/thumb/v7e-m+fp/hard/libgcc.a(_udivmoddi4.o)
                0x00000000080038d4                __exidx_end = .
                0x00000000080038d4                . = ALIGN (0x4)

.rel.dyn        0x00000000080038d4        0x0
 .rel.iplt      0x00000000080038d4        0x0 /opt/st/stm32cubeide_1.9.0/plugins/com.st.stm32cube.ide.mcu.externaltools.gnu-tools-for-stm32.10.3-2021.10.linux64_1.0.0.202111181127/tools/bin/../lib/gcc/arm-none-eabi/10.3.1/thumb/v7e-m+fp/hard/crtbegin.o

.preinit_array  0x00000000080038d4        0x0
                0x00000000080038d4                . = ALIGN (0x4)
                0x00000000080038d4                PROVIDE (__preinit_array_start = .)
 *(.preinit_array*)
                0x00000000080038d4                PROVIDE (__preinit_array_end = .)
                0x00000000080038d4                . = ALIGN (0x4)

.init_array     0x00000000080038d4        0x4
                0x00000000080038d4                . = ALIGN (0x4)
                0x00000000080038d4                PROVIDE (__init_array_start = .)
 *(SORT_BY_NAME(.init_array.*))
 *(.init_array*)
 .init_array    0x00000000080038d4        0x4 /opt/st/stm32cubeide_1.9.0/plugins/com.st.stm32cube.ide.mcu.externaltools.gnu-tools-for-stm32.10.3-2021.10.linux64_1.0.0.202111181127/tools/bin/../lib/gcc/arm-none-eabi/10.3.1/thumb/v7e-m+fp/hard/crtbegin.o
                0x00000000080038d8                PROVIDE (__init_array_end = .)
                0x00000000080038d8                . = ALIGN (0x4)

.fini_array     0x00000000080038d8        0x4
                0x00000000080038d8                . = ALIGN (0x4)
                [!provide]                        PROVIDE (__fini_array_start = .)
 *(SORT_BY_NAME(.fini_array.*))
 *(.fini_array*)
 .fini_array    0x00000000080038d8        0x4 /opt/st/stm32cubeide_1.9.0/plugins/com.st.stm32cube.ide.mcu.externaltools.gnu-tools-for-stm32.10.3-2021.10.linux64_1.0.0.202111181127/tools/bin/../lib/gcc/arm-none-eabi/10.3.1/thumb/v7e-m+fp/hard/crtbegin.o
                [!provide]                        PROVIDE (__fini_array_end = .)
                0x00000000080038dc                . = ALIGN (0x4)
                0x00000000080038dc                _sidata = LOADADDR (.data)

.data           0x0000000020000000        0xc load address 0x00000000080038dc
                0x0000000020000000                . = ALIGN (0x4)
                0x0000000020000000                _sdata = .
 *(.data)
 *(.data*)
 .data.SystemCoreClock
                0x0000000020000000        0x4 ./Core/Src/system_stm32f4xx.o
                0x0000000020000000                SystemCoreClock
 .data.uwTickPrio
                0x0000000020000004        0x4 ./Drivers/STM32F4xx_HAL_Driver/Src/stm32f4xx_hal.o
                0x0000000020000004                uwTickPrio
 .data.uwTickFreq
                0x0000000020000008        0x1 ./Drivers/STM32F4xx_HAL_Driver/Src/stm32f4xx_hal.o
                0x0000000020000008                uwTickFreq
 *(.RamFunc)
 *(.RamFunc*)
                0x000000002000000c                . = ALIGN (0x4)
 *fill*         0x0000000020000009        0x3 
                0x000000002000000c                _edata = .

.igot.plt       0x000000002000000c        0x0 load address 0x00000000080038e8
 .igot.plt      0x000000002000000c        0x0 /opt/st/stm32cubeide_1.9.0/plugins/com.st.stm32cube.ide.mcu.externaltools.gnu-tools-for-stm32.10.3-2021.10.linux64_1.0.0.202111181127/tools/bin/../lib/gcc/arm-none-eabi/10.3.1/thumb/v7e-m+fp/hard/crtbegin.o
                0x000000002000000c                . = ALIGN (0x4)

.bss            0x000000002000000c      0x664 load address 0x00000000080038e8
                0x000000002000000c                _sbss = .
                0x000000002000000c                __bss_start__ = _sbss
 *(.bss)
 .bss           0x000000002000000c       0x1c /opt/st/stm32cubeide_1.9.0/plugins/com.st.stm32cube.ide.mcu.externaltools.gnu-tools-for-stm32.10.3-2021.10.linux64_1.0.0.202111181127/tools/bin/../lib/gcc/arm-none-eabi/10.3.1/thumb/v7e-m+fp/hard/crtbegin.o
 *(.bss*)
 .bss.PINS_     0x0000000020000028      0x600 ./Core/Src/main.o
                0x0000000020000028                PINS_
 .bss.huart2    0x0000000020000628       0x44 ./Core/Src/main.o
                0x0000000020000628                huart2
 .bss.uwTick    0x000000002000066c        0x4 ./Drivers/STM32F4xx_HAL_Driver/Src/stm32f4xx_hal.o
                0x000000002000066c                uwTick
 *(COMMON)
                0x0000000020000670                . = ALIGN (0x4)
                0x0000000020000670                _ebss = .
                0x0000000020000670                __bss_end__ = _ebss

._user_heap_stack
                0x0000000020000670      0x600 load address 0x00000000080038e8
                0x0000000020000670                . = ALIGN (0x8)
                [!provide]                        PROVIDE (end = .)
                0x0000000020000670                PROVIDE (_end = .)
                0x0000000020000870                . = (. + _Min_Heap_Size)
 *fill*         0x0000000020000670      0x200 
                0x0000000020000c70                . = (. + _Min_Stack_Size)
 *fill*         0x0000000020000870      0x400 
                0x0000000020000c70                . = ALIGN (0x8)

/DISCARD/
 libc.a(*)
 libm.a(*)
 libgcc.a(*)

.ARM.attributes
                0x0000000000000000       0x30
 *(.ARM.attributes)
 .ARM.attributes
                0x0000000000000000       0x1e /opt/st/stm32cubeide_1.9.0/plugins/com.st.stm32cube.ide.mcu.externaltools.gnu-tools-for-stm32.10.3-2021.10.linux64_1.0.0.202111181127/tools/bin/../lib/gcc/arm-none-eabi/10.3.1/thumb/v7e-m+fp/hard/crti.o
 .ARM.attributes
                0x000000000000001e       0x34 /opt/st/stm32cubeide_1.9.0/plugins/com.st.stm32cube.ide.mcu.externaltools.gnu-tools-for-stm32.10.3-2021.10.linux64_1.0.0.202111181127/tools/bin/../lib/gcc/arm-none-eabi/10.3.1/thumb/v7e-m+fp/hard/crtbegin.o
 .ARM.attributes
                0x0000000000000052       0x34 ./Core/Src/main.o
 .ARM.attributes
                0x0000000000000086       0x34 ./Core/Src/setup.o
 .ARM.attributes
                0x00000000000000ba       0x34 ./Core/Src/stm32f4xx_hal_msp.o
 .ARM.attributes
                0x00000000000000ee       0x34 ./Core/Src/stm32f4xx_it.o
 .ARM.attributes
                0x0000000000000122       0x34 ./Core/Src/system_stm32f4xx.o
 .ARM.attributes
                0x0000000000000156       0x21 ./Core/Startup/startup_stm32f401retx.o
 .ARM.attributes
                0x0000000000000177       0x34 ./Drivers/STM32F4xx_HAL_Driver/Src/stm32f4xx_hal.o
 .ARM.attributes
                0x00000000000001ab       0x34 ./Drivers/STM32F4xx_HAL_Driver/Src/stm32f4xx_hal_cortex.o
 .ARM.attributes
                0x00000000000001df       0x34 ./Drivers/STM32F4xx_HAL_Driver/Src/stm32f4xx_hal_gpio.o
 .ARM.attributes
                0x0000000000000213       0x34 ./Drivers/STM32F4xx_HAL_Driver/Src/stm32f4xx_hal_pwr.o
 .ARM.attributes
                0x0000000000000247       0x34 ./Drivers/STM32F4xx_HAL_Driver/Src/stm32f4xx_hal_rcc.o
 .ARM.attributes
                0x000000000000027b       0x34 ./Drivers/STM32F4xx_HAL_Driver/Src/stm32f4xx_hal_uart.o
 .ARM.attributes
                0x00000000000002af       0x34 /opt/st/stm32cubeide_1.9.0/plugins/com.st.stm32cube.ide.mcu.externaltools.gnu-tools-for-stm32.10.3-2021.10.linux64_1.0.0.202111181127/tools/bin/../lib/gcc/arm-none-eabi/10.3.1/../../../../arm-none-eabi/lib/thumb/v7e-m+fp/hard/libc_nano.a(lib_a-init.o)
 .ARM.attributes
                0x00000000000002e3       0x34 /opt/st/stm32cubeide_1.9.0/plugins/com.st.stm32cube.ide.mcu.externaltools.gnu-tools-for-stm32.10.3-2021.10.linux64_1.0.0.202111181127/tools/bin/../lib/gcc/arm-none-eabi/10.3.1/../../../../arm-none-eabi/lib/thumb/v7e-m+fp/hard/libc_nano.a(lib_a-memset.o)
 .ARM.attributes
                0x0000000000000317       0x1e /opt/st/stm32cubeide_1.9.0/plugins/com.st.stm32cube.ide.mcu.externaltools.gnu-tools-for-stm32.10.3-2021.10.linux64_1.0.0.202111181127/tools/bin/../lib/gcc/arm-none-eabi/10.3.1/thumb/v7e-m+fp/hard/libgcc.a(_aeabi_uldivmod.o)
 .ARM.attributes
                0x0000000000000335       0x34 /opt/st/stm32cubeide_1.9.0/plugins/com.st.stm32cube.ide.mcu.externaltools.gnu-tools-for-stm32.10.3-2021.10.linux64_1.0.0.202111181127/tools/bin/../lib/gcc/arm-none-eabi/10.3.1/thumb/v7e-m+fp/hard/libgcc.a(_udivmoddi4.o)
 .ARM.attributes
                0x0000000000000369       0x1e /opt/st/stm32cubeide_1.9.0/plugins/com.st.stm32cube.ide.mcu.externaltools.gnu-tools-for-stm32.10.3-2021.10.linux64_1.0.0.202111181127/tools/bin/../lib/gcc/arm-none-eabi/10.3.1/thumb/v7e-m+fp/hard/libgcc.a(_dvmd_tls.o)
 .ARM.attributes
                0x0000000000000387       0x1e /opt/st/stm32cubeide_1.9.0/plugins/com.st.stm32cube.ide.mcu.externaltools.gnu-tools-for-stm32.10.3-2021.10.linux64_1.0.0.202111181127/tools/bin/../lib/gcc/arm-none-eabi/10.3.1/thumb/v7e-m+fp/hard/crtn.o
OUTPUT(F401RE_T.elf elf32-littlearm)
LOAD linker stubs
LOAD /opt/st/stm32cubeide_1.9.0/plugins/com.st.stm32cube.ide.mcu.externaltools.gnu-tools-for-stm32.10.3-2021.10.linux64_1.0.0.202111181127/tools/bin/../lib/gcc/arm-none-eabi/10.3.1/../../../../arm-none-eabi/lib/thumb/v7e-m+fp/hard/libc.a
LOAD /opt/st/stm32cubeide_1.9.0/plugins/com.st.stm32cube.ide.mcu.externaltools.gnu-tools-for-stm32.10.3-2021.10.linux64_1.0.0.202111181127/tools/bin/../lib/gcc/arm-none-eabi/10.3.1/../../../../arm-none-eabi/lib/thumb/v7e-m+fp/hard/libm.a
LOAD /opt/st/stm32cubeide_1.9.0/plugins/com.st.stm32cube.ide.mcu.externaltools.gnu-tools-for-stm32.10.3-2021.10.linux64_1.0.0.202111181127/tools/bin/../lib/gcc/arm-none-eabi/10.3.1/thumb/v7e-m+fp/hard/libgcc.a

.debug_info     0x0000000000000000     0x8955
 .debug_info    0x0000000000000000     0x15a1 ./Core/Src/main.o
 .debug_info    0x00000000000015a1      0x29a ./Core/Src/setup.o
 .debug_info    0x000000000000183b      0x9a2 ./Core/Src/stm32f4xx_hal_msp.o
 .debug_info    0x00000000000021dd      0x15d ./Core/Src/stm32f4xx_it.o
 .debug_info    0x000000000000233a      0x54f ./Core/Src/system_stm32f4xx.o
 .debug_info    0x0000000000002889       0x22 ./Core/Startup/startup_stm32f401retx.o
 .debug_info    0x00000000000028ab      0x906 ./Drivers/STM32F4xx_HAL_Driver/Src/stm32f4xx_hal.o
 .debug_info    0x00000000000031b1      0xd85 ./Drivers/STM32F4xx_HAL_Driver/Src/stm32f4xx_hal_cortex.o
 .debug_info    0x0000000000003f36      0x78e ./Drivers/STM32F4xx_HAL_Driver/Src/stm32f4xx_hal_gpio.o
 .debug_info    0x00000000000046c4      0x751 ./Drivers/STM32F4xx_HAL_Driver/Src/stm32f4xx_hal_pwr.o
 .debug_info    0x0000000000004e15      0x98c ./Drivers/STM32F4xx_HAL_Driver/Src/stm32f4xx_hal_rcc.o
 .debug_info    0x00000000000057a1     0x31b4 ./Drivers/STM32F4xx_HAL_Driver/Src/stm32f4xx_hal_uart.o

.debug_abbrev   0x0000000000000000     0x16b4
 .debug_abbrev  0x0000000000000000      0x363 ./Core/Src/main.o
 .debug_abbrev  0x0000000000000363      0x170 ./Core/Src/setup.o
 .debug_abbrev  0x00000000000004d3      0x1b0 ./Core/Src/stm32f4xx_hal_msp.o
 .debug_abbrev  0x0000000000000683       0x9f ./Core/Src/stm32f4xx_it.o
 .debug_abbrev  0x0000000000000722      0x116 ./Core/Src/system_stm32f4xx.o
 .debug_abbrev  0x0000000000000838       0x12 ./Core/Startup/startup_stm32f401retx.o
 .debug_abbrev  0x000000000000084a      0x23e ./Drivers/STM32F4xx_HAL_Driver/Src/stm32f4xx_hal.o
 .debug_abbrev  0x0000000000000a88      0x316 ./Drivers/STM32F4xx_HAL_Driver/Src/stm32f4xx_hal_cortex.o
 .debug_abbrev  0x0000000000000d9e      0x1c4 ./Drivers/STM32F4xx_HAL_Driver/Src/stm32f4xx_hal_gpio.o
 .debug_abbrev  0x0000000000000f62      0x1a3 ./Drivers/STM32F4xx_HAL_Driver/Src/stm32f4xx_hal_pwr.o
 .debug_abbrev  0x0000000000001105      0x2aa ./Drivers/STM32F4xx_HAL_Driver/Src/stm32f4xx_hal_rcc.o
 .debug_abbrev  0x00000000000013af      0x305 ./Drivers/STM32F4xx_HAL_Driver/Src/stm32f4xx_hal_uart.o

.debug_aranges  0x0000000000000000      0x788
 .debug_aranges
                0x0000000000000000       0xd8 ./Core/Src/main.o
 .debug_aranges
                0x00000000000000d8       0x40 ./Core/Src/setup.o
 .debug_aranges
                0x0000000000000118       0x30 ./Core/Src/stm32f4xx_hal_msp.o
 .debug_aranges
                0x0000000000000148       0x68 ./Core/Src/stm32f4xx_it.o
 .debug_aranges
                0x00000000000001b0       0x28 ./Core/Src/system_stm32f4xx.o
 .debug_aranges
                0x00000000000001d8       0x28 ./Core/Startup/startup_stm32f401retx.o
 .debug_aranges
                0x0000000000000200       0xf0 ./Drivers/STM32F4xx_HAL_Driver/Src/stm32f4xx_hal.o
 .debug_aranges
                0x00000000000002f0      0x118 ./Drivers/STM32F4xx_HAL_Driver/Src/stm32f4xx_hal_cortex.o
 .debug_aranges
                0x0000000000000408       0x58 ./Drivers/STM32F4xx_HAL_Driver/Src/stm32f4xx_hal_gpio.o
 .debug_aranges
                0x0000000000000460       0xa0 ./Drivers/STM32F4xx_HAL_Driver/Src/stm32f4xx_hal_pwr.o
 .debug_aranges
                0x0000000000000500       0x88 ./Drivers/STM32F4xx_HAL_Driver/Src/stm32f4xx_hal_rcc.o
 .debug_aranges
                0x0000000000000588      0x200 ./Drivers/STM32F4xx_HAL_Driver/Src/stm32f4xx_hal_uart.o

.debug_ranges   0x0000000000000000      0x700
 .debug_ranges  0x0000000000000000       0xc8 ./Core/Src/main.o
 .debug_ranges  0x00000000000000c8       0x30 ./Core/Src/setup.o
 .debug_ranges  0x00000000000000f8       0x20 ./Core/Src/stm32f4xx_hal_msp.o
 .debug_ranges  0x0000000000000118       0x58 ./Core/Src/stm32f4xx_it.o
 .debug_ranges  0x0000000000000170       0x18 ./Core/Src/system_stm32f4xx.o
 .debug_ranges  0x0000000000000188       0x20 ./Core/Startup/startup_stm32f401retx.o
 .debug_ranges  0x00000000000001a8       0xe0 ./Drivers/STM32F4xx_HAL_Driver/Src/stm32f4xx_hal.o
 .debug_ranges  0x0000000000000288      0x108 ./Drivers/STM32F4xx_HAL_Driver/Src/stm32f4xx_hal_cortex.o
 .debug_ranges  0x0000000000000390       0x48 ./Drivers/STM32F4xx_HAL_Driver/Src/stm32f4xx_hal_gpio.o
 .debug_ranges  0x00000000000003d8       0x90 ./Drivers/STM32F4xx_HAL_Driver/Src/stm32f4xx_hal_pwr.o
 .debug_ranges  0x0000000000000468       0x78 ./Drivers/STM32F4xx_HAL_Driver/Src/stm32f4xx_hal_rcc.o
 .debug_ranges  0x00000000000004e0      0x220 ./Drivers/STM32F4xx_HAL_Driver/Src/stm32f4xx_hal_uart.o

.debug_macro    0x0000000000000000    0x152b5
 .debug_macro   0x0000000000000000      0x2b0 ./Core/Src/main.o
 .debug_macro   0x00000000000002b0      0xa78 ./Core/Src/main.o
 .debug_macro   0x0000000000000d28      0x295 ./Core/Src/main.o
 .debug_macro   0x0000000000000fbd       0x2e ./Core/Src/main.o
 .debug_macro   0x0000000000000feb       0x28 ./Core/Src/main.o
 .debug_macro   0x0000000000001013       0x22 ./Core/Src/main.o
 .debug_macro   0x0000000000001035       0x8e ./Core/Src/main.o
 .debug_macro   0x00000000000010c3       0x51 ./Core/Src/main.o
 .debug_macro   0x0000000000001114      0x103 ./Core/Src/main.o
 .debug_macro   0x0000000000001217       0x6a ./Core/Src/main.o
 .debug_macro   0x0000000000001281      0x1df ./Core/Src/main.o
 .debug_macro   0x0000000000001460       0x1c ./Core/Src/main.o
 .debug_macro   0x000000000000147c       0x22 ./Core/Src/main.o
 .debug_macro   0x000000000000149e       0xd9 ./Core/Src/main.o
 .debug_macro   0x0000000000001577     0x102d ./Core/Src/main.o
 .debug_macro   0x00000000000025a4      0x11f ./Core/Src/main.o
 .debug_macro   0x00000000000026c3     0xb86c ./Core/Src/main.o
 .debug_macro   0x000000000000df2f       0x6d ./Core/Src/main.o
 .debug_macro   0x000000000000df9c     0x367e ./Core/Src/main.o
 .debug_macro   0x000000000001161a      0x174 ./Core/Src/main.o
 .debug_macro   0x000000000001178e       0x5c ./Core/Src/main.o
 .debug_macro   0x00000000000117ea      0x416 ./Core/Src/main.o
 .debug_macro   0x0000000000011c00      0x9fe ./Core/Src/main.o
 .debug_macro   0x00000000000125fe      0x115 ./Core/Src/main.o
 .debug_macro   0x0000000000012713       0xf8 ./Core/Src/main.o
 .debug_macro   0x000000000001280b       0xa5 ./Core/Src/main.o
 .debug_macro   0x00000000000128b0      0x15f ./Core/Src/main.o
 .debug_macro   0x0000000000012a0f      0x287 ./Core/Src/main.o
 .debug_macro   0x0000000000012c96       0x5f ./Core/Src/main.o
 .debug_macro   0x0000000000012cf5      0x236 ./Core/Src/main.o
 .debug_macro   0x0000000000012f2b      0x132 ./Core/Src/main.o
 .debug_macro   0x000000000001305d      0x264 ./Core/Src/main.o
 .debug_macro   0x00000000000132c1       0x2e ./Core/Src/main.o
 .debug_macro   0x00000000000132ef      0x11a ./Core/Src/main.o
 .debug_macro   0x0000000000013409       0x85 ./Core/Src/main.o
 .debug_macro   0x000000000001348e       0x89 ./Core/Src/main.o
 .debug_macro   0x0000000000013517      0x295 ./Core/Src/main.o
 .debug_macro   0x00000000000137ac      0x126 ./Core/Src/main.o
 .debug_macro   0x00000000000138d2       0x58 ./Core/Src/main.o
 .debug_macro   0x000000000001392a       0x28 ./Core/Src/main.o
 .debug_macro   0x0000000000013952       0x52 ./Core/Src/main.o
 .debug_macro   0x00000000000139a4       0x1e ./Core/Src/main.o
 .debug_macro   0x00000000000139c2       0x3c ./Core/Src/main.o
 .debug_macro   0x00000000000139fe       0x34 ./Core/Src/main.o
 .debug_macro   0x0000000000013a32       0x16 ./Core/Src/main.o
 .debug_macro   0x0000000000013a48       0x43 ./Core/Src/main.o
 .debug_macro   0x0000000000013a8b       0x34 ./Core/Src/main.o
 .debug_macro   0x0000000000013abf       0x10 ./Core/Src/main.o
 .debug_macro   0x0000000000013acf       0x58 ./Core/Src/main.o
 .debug_macro   0x0000000000013b27       0x71 ./Core/Src/main.o
 .debug_macro   0x0000000000013b98       0x1c ./Core/Src/main.o
 .debug_macro   0x0000000000013bb4      0x12a ./Core/Src/main.o
 .debug_macro   0x0000000000013cde      0x341 ./Core/Src/main.o
 .debug_macro   0x000000000001401f       0x10 ./Core/Src/main.o
 .debug_macro   0x000000000001402f       0x35 ./Core/Src/main.o
 .debug_macro   0x0000000000014064       0x20 ./Core/Src/main.o
 .debug_macro   0x0000000000014084      0x1dc ./Core/Src/setup.o
 .debug_macro   0x0000000000014260      0x1c9 ./Core/Src/stm32f4xx_hal_msp.o
 .debug_macro   0x0000000000014429      0x1d3 ./Core/Src/stm32f4xx_it.o
 .debug_macro   0x00000000000145fc      0x1ba ./Core/Src/system_stm32f4xx.o
 .debug_macro   0x00000000000147b6      0x21a ./Drivers/STM32F4xx_HAL_Driver/Src/stm32f4xx_hal.o
 .debug_macro   0x00000000000149d0      0x1ba ./Drivers/STM32F4xx_HAL_Driver/Src/stm32f4xx_hal_cortex.o
 .debug_macro   0x0000000000014b8a      0x1c0 ./Drivers/STM32F4xx_HAL_Driver/Src/stm32f4xx_hal_gpio.o
 .debug_macro   0x0000000000014d4a      0x1d2 ./Drivers/STM32F4xx_HAL_Driver/Src/stm32f4xx_hal_pwr.o
 .debug_macro   0x0000000000014f1c      0x1de ./Drivers/STM32F4xx_HAL_Driver/Src/stm32f4xx_hal_rcc.o
 .debug_macro   0x00000000000150fa      0x1bb ./Drivers/STM32F4xx_HAL_Driver/Src/stm32f4xx_hal_uart.o

.debug_line     0x0000000000000000     0x8b48
 .debug_line    0x0000000000000000      0xec8 ./Core/Src/main.o
 .debug_line    0x0000000000000ec8      0x857 ./Core/Src/setup.o
 .debug_line    0x000000000000171f      0x6b0 ./Core/Src/stm32f4xx_hal_msp.o
 .debug_line    0x0000000000001dcf      0x73d ./Core/Src/stm32f4xx_it.o
 .debug_line    0x000000000000250c      0x6e4 ./Core/Src/system_stm32f4xx.o
 .debug_line    0x0000000000002bf0       0x88 ./Core/Startup/startup_stm32f401retx.o
 .debug_line    0x0000000000002c78      0x94a ./Drivers/STM32F4xx_HAL_Driver/Src/stm32f4xx_hal.o
 .debug_line    0x00000000000035c2      0xbf9 ./Drivers/STM32F4xx_HAL_Driver/Src/stm32f4xx_hal_cortex.o
 .debug_line    0x00000000000041bb      0xa82 ./Drivers/STM32F4xx_HAL_Driver/Src/stm32f4xx_hal_gpio.o
 .debug_line    0x0000000000004c3d      0x856 ./Drivers/STM32F4xx_HAL_Driver/Src/stm32f4xx_hal_pwr.o
 .debug_line    0x0000000000005493      0xcc6 ./Drivers/STM32F4xx_HAL_Driver/Src/stm32f4xx_hal_rcc.o
 .debug_line    0x0000000000006159     0x29ef ./Drivers/STM32F4xx_HAL_Driver/Src/stm32f4xx_hal_uart.o

.debug_str      0x0000000000000000    0x83f63
 .debug_str     0x0000000000000000    0x82886 ./Core/Src/main.o
                                      0x82b86 (size before relaxing)
 .debug_str     0x0000000000082886       0x37 ./Core/Src/setup.o
                                      0x7ef15 (size before relaxing)
 .debug_str     0x00000000000828bd       0x83 ./Core/Src/stm32f4xx_hal_msp.o
                                      0x7f464 (size before relaxing)
 .debug_str     0x0000000000082940       0xf3 ./Core/Src/stm32f4xx_it.o
                                      0x7ef02 (size before relaxing)
 .debug_str     0x0000000000082a33       0xdb ./Core/Src/system_stm32f4xx.o
                                      0x7eeda (size before relaxing)
 .debug_str     0x0000000000082b0e       0x36 ./Core/Startup/startup_stm32f401retx.o
                                         0x73 (size before relaxing)
 .debug_str     0x0000000000082b44      0x5db ./Drivers/STM32F4xx_HAL_Driver/Src/stm32f4xx_hal.o
                                      0x7f8fc (size before relaxing)
 .debug_str     0x000000000008311f      0x341 ./Drivers/STM32F4xx_HAL_Driver/Src/stm32f4xx_hal_cortex.o
                                      0x7f61d (size before relaxing)
 .debug_str     0x0000000000083460       0xd4 ./Drivers/STM32F4xx_HAL_Driver/Src/stm32f4xx_hal_gpio.o
                                      0x7f055 (size before relaxing)
 .debug_str     0x0000000000083534      0x1d7 ./Drivers/STM32F4xx_HAL_Driver/Src/stm32f4xx_hal_pwr.o
                                      0x7f110 (size before relaxing)
 .debug_str     0x000000000008370b      0x233 ./Drivers/STM32F4xx_HAL_Driver/Src/stm32f4xx_hal_rcc.o
                                      0x7f30e (size before relaxing)
 .debug_str     0x000000000008393e      0x625 ./Drivers/STM32F4xx_HAL_Driver/Src/stm32f4xx_hal_uart.o
                                      0x7f89b (size before relaxing)

.comment        0x0000000000000000       0x50
 .comment       0x0000000000000000       0x50 ./Core/Src/main.o
                                         0x51 (size before relaxing)
 .comment       0x0000000000000050       0x51 ./Core/Src/setup.o
 .comment       0x0000000000000050       0x51 ./Core/Src/stm32f4xx_hal_msp.o
 .comment       0x0000000000000050       0x51 ./Core/Src/stm32f4xx_it.o
 .comment       0x0000000000000050       0x51 ./Core/Src/system_stm32f4xx.o
 .comment       0x0000000000000050       0x51 ./Drivers/STM32F4xx_HAL_Driver/Src/stm32f4xx_hal.o
 .comment       0x0000000000000050       0x51 ./Drivers/STM32F4xx_HAL_Driver/Src/stm32f4xx_hal_cortex.o
 .comment       0x0000000000000050       0x51 ./Drivers/STM32F4xx_HAL_Driver/Src/stm32f4xx_hal_gpio.o
 .comment       0x0000000000000050       0x51 ./Drivers/STM32F4xx_HAL_Driver/Src/stm32f4xx_hal_pwr.o
 .comment       0x0000000000000050       0x51 ./Drivers/STM32F4xx_HAL_Driver/Src/stm32f4xx_hal_rcc.o
 .comment       0x0000000000000050       0x51 ./Drivers/STM32F4xx_HAL_Driver/Src/stm32f4xx_hal_uart.o

.debug_frame    0x0000000000000000     0x1dc0
 .debug_frame   0x0000000000000000      0x374 ./Core/Src/main.o
 .debug_frame   0x0000000000000374       0xd0 ./Core/Src/setup.o
 .debug_frame   0x0000000000000444       0x7c ./Core/Src/stm32f4xx_hal_msp.o
 .debug_frame   0x00000000000004c0      0x120 ./Core/Src/stm32f4xx_it.o
 .debug_frame   0x00000000000005e0       0x58 ./Core/Src/system_stm32f4xx.o
 .debug_frame   0x0000000000000638      0x374 ./Drivers/STM32F4xx_HAL_Driver/Src/stm32f4xx_hal.o
 .debug_frame   0x00000000000009ac      0x498 ./Drivers/STM32F4xx_HAL_Driver/Src/stm32f4xx_hal_cortex.o
 .debug_frame   0x0000000000000e44      0x14c ./Drivers/STM32F4xx_HAL_Driver/Src/stm32f4xx_hal_gpio.o
 .debug_frame   0x0000000000000f90      0x264 ./Drivers/STM32F4xx_HAL_Driver/Src/stm32f4xx_hal_pwr.o
 .debug_frame   0x00000000000011f4      0x1f4 ./Drivers/STM32F4xx_HAL_Driver/Src/stm32f4xx_hal_rcc.o
 .debug_frame   0x00000000000013e8      0x92c ./Drivers/STM32F4xx_HAL_Driver/Src/stm32f4xx_hal_uart.o
 .debug_frame   0x0000000000001d14       0x2c /opt/st/stm32cubeide_1.9.0/plugins/com.st.stm32cube.ide.mcu.externaltools.gnu-tools-for-stm32.10.3-2021.10.linux64_1.0.0.202111181127/tools/bin/../lib/gcc/arm-none-eabi/10.3.1/../../../../arm-none-eabi/lib/thumb/v7e-m+fp/hard/libc_nano.a(lib_a-init.o)
 .debug_frame   0x0000000000001d40       0x20 /opt/st/stm32cubeide_1.9.0/plugins/com.st.stm32cube.ide.mcu.externaltools.gnu-tools-for-stm32.10.3-2021.10.linux64_1.0.0.202111181127/tools/bin/../lib/gcc/arm-none-eabi/10.3.1/../../../../arm-none-eabi/lib/thumb/v7e-m+fp/hard/libc_nano.a(lib_a-memset.o)
 .debug_frame   0x0000000000001d60       0x2c /opt/st/stm32cubeide_1.9.0/plugins/com.st.stm32cube.ide.mcu.externaltools.gnu-tools-for-stm32.10.3-2021.10.linux64_1.0.0.202111181127/tools/bin/../lib/gcc/arm-none-eabi/10.3.1/thumb/v7e-m+fp/hard/libgcc.a(_aeabi_uldivmod.o)
 .debug_frame   0x0000000000001d8c       0x34 /opt/st/stm32cubeide_1.9.0/plugins/com.st.stm32cube.ide.mcu.externaltools.gnu-tools-for-stm32.10.3-2021.10.linux64_1.0.0.202111181127/tools/bin/../lib/gcc/arm-none-eabi/10.3.1/thumb/v7e-m+fp/hard/libgcc.a(_udivmoddi4.o)
